Archive member included because of file (symbol)

/cygdrive/d/altera/91/nios2eds/bin/nios2-gnutools/H-i686-pc-cygwin/bin/../lib/gcc/nios2-elf/3.4.6/mno-hw-mul/libgcc.a(lib2-divmod.o)
                              obj/hello_world.o (__divsi3)
/cygdrive/d/altera/91/nios2eds/bin/nios2-gnutools/H-i686-pc-cygwin/bin/../lib/gcc/nios2-elf/3.4.6/mno-hw-mul/libgcc.a(lib2-mul.o)
                              obj/hello_world.o (__mulsi3)
/cygdrive/d/altera/91/nios2eds/bin/nios2-gnutools/H-i686-pc-cygwin/bin/../lib/gcc/nios2-elf/3.4.6/../../../../nios2-elf/lib/mno-hw-mul/libc.a(malloc.o)
                              obj/hello_world.o (malloc)
/cygdrive/d/altera/91/nios2eds/bin/nios2-gnutools/H-i686-pc-cygwin/bin/../lib/gcc/nios2-elf/3.4.6/../../../../nios2-elf/lib/mno-hw-mul/libc.a(mallocr.o)
                              /cygdrive/d/altera/91/nios2eds/bin/nios2-gnutools/H-i686-pc-cygwin/bin/../lib/gcc/nios2-elf/3.4.6/../../../../nios2-elf/lib/mno-hw-mul/libc.a(malloc.o) (_malloc_r)
/cygdrive/d/altera/91/nios2eds/bin/nios2-gnutools/H-i686-pc-cygwin/bin/../lib/gcc/nios2-elf/3.4.6/../../../../nios2-elf/lib/mno-hw-mul/libc.a(printf.o)
                              obj/hello_world.o (printf)
/cygdrive/d/altera/91/nios2eds/bin/nios2-gnutools/H-i686-pc-cygwin/bin/../lib/gcc/nios2-elf/3.4.6/../../../../nios2-elf/lib/mno-hw-mul/libc.a(sbrkr.o)
                              /cygdrive/d/altera/91/nios2eds/bin/nios2-gnutools/H-i686-pc-cygwin/bin/../lib/gcc/nios2-elf/3.4.6/../../../../nios2-elf/lib/mno-hw-mul/libc.a(mallocr.o) (_sbrk_r)
/cygdrive/d/altera/91/nios2eds/bin/nios2-gnutools/H-i686-pc-cygwin/bin/../lib/gcc/nios2-elf/3.4.6/../../../../nios2-elf/lib/mno-hw-mul/libc.a(vfprintf1.o)
                              /cygdrive/d/altera/91/nios2eds/bin/nios2-gnutools/H-i686-pc-cygwin/bin/../lib/gcc/nios2-elf/3.4.6/../../../../nios2-elf/lib/mno-hw-mul/libc.a(printf.o) (__vfprintf_internal)
/cygdrive/d/altera/91/nios2eds/bin/nios2-gnutools/H-i686-pc-cygwin/bin/../lib/gcc/nios2-elf/3.4.6/../../../../nios2-elf/lib/mno-hw-mul/libc.a(wcrtomb.o)
                              /cygdrive/d/altera/91/nios2eds/bin/nios2-gnutools/H-i686-pc-cygwin/bin/../lib/gcc/nios2-elf/3.4.6/../../../../nios2-elf/lib/mno-hw-mul/libc.a(vfprintf1.o) (_wcrtomb_r)
/cygdrive/d/altera/91/nios2eds/bin/nios2-gnutools/H-i686-pc-cygwin/bin/../lib/gcc/nios2-elf/3.4.6/../../../../nios2-elf/lib/mno-hw-mul/libc.a(wcsrtombs.o)
                              /cygdrive/d/altera/91/nios2eds/bin/nios2-gnutools/H-i686-pc-cygwin/bin/../lib/gcc/nios2-elf/3.4.6/../../../../nios2-elf/lib/mno-hw-mul/libc.a(vfprintf1.o) (_wcsrtombs_r)
/cygdrive/d/altera/91/nios2eds/bin/nios2-gnutools/H-i686-pc-cygwin/bin/../lib/gcc/nios2-elf/3.4.6/../../../../nios2-elf/lib/mno-hw-mul/libc.a(wctomb_r.o)
                              /cygdrive/d/altera/91/nios2eds/bin/nios2-gnutools/H-i686-pc-cygwin/bin/../lib/gcc/nios2-elf/3.4.6/../../../../nios2-elf/lib/mno-hw-mul/libc.a(wcrtomb.o) (_wctomb_r)
/cygdrive/d/altera/91/nios2eds/bin/nios2-gnutools/H-i686-pc-cygwin/bin/../lib/gcc/nios2-elf/3.4.6/../../../../nios2-elf/lib/mno-hw-mul/libc.a(wsetup.o)
                              /cygdrive/d/altera/91/nios2eds/bin/nios2-gnutools/H-i686-pc-cygwin/bin/../lib/gcc/nios2-elf/3.4.6/../../../../nios2-elf/lib/mno-hw-mul/libc.a(vfprintf1.o) (__swsetup)
/cygdrive/d/altera/91/nios2eds/bin/nios2-gnutools/H-i686-pc-cygwin/bin/../lib/gcc/nios2-elf/3.4.6/../../../../nios2-elf/lib/mno-hw-mul/libc.a(dtoa.o)
                              /cygdrive/d/altera/91/nios2eds/bin/nios2-gnutools/H-i686-pc-cygwin/bin/../lib/gcc/nios2-elf/3.4.6/../../../../nios2-elf/lib/mno-hw-mul/libc.a(vfprintf1.o) (_dtoa_r)
/cygdrive/d/altera/91/nios2eds/bin/nios2-gnutools/H-i686-pc-cygwin/bin/../lib/gcc/nios2-elf/3.4.6/../../../../nios2-elf/lib/mno-hw-mul/libc.a(fflush.o)
                              /cygdrive/d/altera/91/nios2eds/bin/nios2-gnutools/H-i686-pc-cygwin/bin/../lib/gcc/nios2-elf/3.4.6/../../../../nios2-elf/lib/mno-hw-mul/libc.a(vfprintf1.o) (fflush)
/cygdrive/d/altera/91/nios2eds/bin/nios2-gnutools/H-i686-pc-cygwin/bin/../lib/gcc/nios2-elf/3.4.6/../../../../nios2-elf/lib/mno-hw-mul/libc.a(findfp.o)
                              /cygdrive/d/altera/91/nios2eds/bin/nios2-gnutools/H-i686-pc-cygwin/bin/../lib/gcc/nios2-elf/3.4.6/../../../../nios2-elf/lib/mno-hw-mul/libc.a(vfprintf1.o) (__sinit)
/cygdrive/d/altera/91/nios2eds/bin/nios2-gnutools/H-i686-pc-cygwin/bin/../lib/gcc/nios2-elf/3.4.6/../../../../nios2-elf/lib/mno-hw-mul/libc.a(freer.o)
                              /cygdrive/d/altera/91/nios2eds/bin/nios2-gnutools/H-i686-pc-cygwin/bin/../lib/gcc/nios2-elf/3.4.6/../../../../nios2-elf/lib/mno-hw-mul/libc.a(malloc.o) (_free_r)
/cygdrive/d/altera/91/nios2eds/bin/nios2-gnutools/H-i686-pc-cygwin/bin/../lib/gcc/nios2-elf/3.4.6/../../../../nios2-elf/lib/mno-hw-mul/libc.a(fvwrite.o)
[...]
Memory Configuration

Name             Origin             Length             Attributes
sdram_0          0x00800000         0x00800000
reset            0x01080000         0x00000020
sram_0           0x01080020         0x0007ffe0
*default*        0x00000000         0xffffffff

Linker script and memory map

LOAD ../Audio_bsp/obj/HAL/src/crt0.o
LOAD obj/hello_world.o
LOAD /cygdrive/d/altera/91/nios2eds/bin/nios2-gnutools/H-i686-pc-cygwin/bin/../lib/gcc/nios2-elf/3.4.6/../../../../nios2-elf/lib/mno-hw-mul/libstdc++.a
LOAD /cygdrive/d/altera/91/nios2eds/bin/nios2-gnutools/H-i686-pc-cygwin/bin/../lib/gcc/nios2-elf/3.4.6/../../../../nios2-elf/lib/mno-hw-mul/libm.a
LOAD /cygdrive/d/altera/91/nios2eds/bin/nios2-gnutools/H-i686-pc-cygwin/bin/../lib/gcc/nios2-elf/3.4.6/mno-hw-mul/libgcc.a
START GROUP
LOAD /cygdrive/d/altera/91/nios2eds/bin/nios2-gnutools/H-i686-pc-cygwin/bin/../lib/gcc/nios2-elf/3.4.6/../../../../nios2-elf/lib/mno-hw-mul/libc.a
LOAD /cygdrive/d/altera/91/nios2eds/bin/nios2-gnutools/H-i686-pc-cygwin/bin/../lib/gcc/nios2-elf/3.4.6/mno-hw-mul/libgcc.a
LOAD ../Audio_bsp/libhal_bsp.a
END GROUP
LOAD /cygdrive/d/altera/91/nios2eds/bin/nios2-gnutools/H-i686-pc-cygwin/bin/../lib/gcc/nios2-elf/3.4.6/mno-hw-mul/libgcc.a
                0x00800000                __alt_mem_sdram_0 = 0x800000
                0x01080000                __alt_mem_sram_0 = 0x1080000

.entry          0x01080000       0x20
 *(.entry)
 .entry         0x01080000       0x20 ../Audio_bsp/obj/HAL/src/crt0.o
                0x01080000                __reset

.exceptions     0x01080020      0x1a8 load address 0x00800000
                0x01080020                PROVIDE (__ram_exceptions_start, <code 336> (.))
                0x01080020                . = ALIGN (0x20)
 *(.irq)
 *(.exceptions.entry.label)
 *(.exceptions.entry.user)
 *(.exceptions.entry)
 .exceptions.entry
                0x01080020       0x54 ../Audio_bsp/libhal_bsp.a(alt_exception_entry.o)
 *(.exceptions.irqtest.user)
 *(.exceptions.irqtest)
 .exceptions.irqtest
                0x01080074       0x10 ../Audio_bsp/libhal_bsp.a(alt_irq_entry.o)
 *(.exceptions.irqhandler.user)
 *(.exceptions.irqhandler)
 .exceptions.irqhandler
                0x01080084        0x4 ../Audio_bsp/libhal_bsp.a(alt_irq_entry.o)
 *(.exceptions.irqreturn.user)
 *(.exceptions.irqreturn)
 .exceptions.irqreturn
                0x01080088        0x4 ../Audio_bsp/libhal_bsp.a(alt_irq_entry.o)
 *(.exceptions.notirq.label)
 *(.exceptions.notirq.user)
 *(.exceptions.notirq)
 .exceptions.notirq
                0x0108008c        0x8 ../Audio_bsp/libhal_bsp.a(alt_exception_entry.o)
 *(.exceptions.soft.user)
 *(.exceptions.soft)
 *(.exceptions.unknown.user)
 *(.exceptions.unknown)
 .exceptions.unknown
                0x01080094        0x4 ../Audio_bsp/libhal_bsp.a(alt_exception_entry.o)
 *(.exceptions.exit.label)
 *(.exceptions.exit.user)
 *(.exceptions.exit)
 .exceptions.exit
                0x01080098       0x54 ../Audio_bsp/libhal_bsp.a(alt_exception_entry.o)
 *(.exceptions)
 .exceptions    0x010800ec       0xdc ../Audio_bsp/libhal_bsp.a(alt_irq_handler.o)
                0x010800ec                alt_irq_handler
                0x010801c8                PROVIDE (__ram_exceptions_end, <code 336> (.))
                0x00800000                PROVIDE (__flash_exceptions_start, LOADADDR (.exceptions))

.text           0x008001a8     0xff64 load address 0x008001a8
                0x008001a8                PROVIDE (stext, <code 336> (.))
 *(.interp)
 *(.hash)
 *(.dynsym)
 *(.dynstr)
 *(.gnu.version)
 *(.gnu.version_d)
 *(.gnu.version_r)
 *(.rel.init)
 *(.rela.init)
 *(.rel.text .rel.text.* .rel.gnu.linkonce.t.*)
 *(.rela.text .rela.text.* .rela.gnu.linkonce.t.*)
 *(.rel.fini)
 *(.rela.fini)
 *(.rel.rodata .rel.rodata.* .rel.gnu.linkonce.r.*)
 *(.rela.rodata .rela.rodata.* .rela.gnu.linkonce.r.*)
 *(.rel.data .rel.data.* .rel.gnu.linkonce.d.*)
 *(.rela.data .rela.data.* .rela.gnu.linkonce.d.*)
 *(.rel.tdata .rel.tdata.* .rel.gnu.linkonce.td.*)
 *(.rela.tdata .rela.tdata.* .rela.gnu.linkonce.td.*)
 *(.rel.tbss .rel.tbss.* .rel.gnu.linkonce.tb.*)
 *(.rela.tbss .rela.tbss.* .rela.gnu.linkonce.tb.*)
 *(.rel.ctors)
 *(.rela.ctors)
 *(.rel.dtors)
 *(.rela.dtors)
 *(.rel.got)
 *(.rela.got)
 *(.rel.sdata .rel.sdata.* .rel.gnu.linkonce.s.*)
 *(.rela.sdata .rela.sdata.* .rela.gnu.linkonce.s.*)
 *(.rel.sbss .rel.sbss.* .rel.gnu.linkonce.sb.*)
 *(.rela.sbss .rela.sbss.* .rela.gnu.linkonce.sb.*)
 *(.rel.sdata2 .rel.sdata2.* .rel.gnu.linkonce.s2.*)
 *(.rela.sdata2 .rela.sdata2.* .rela.gnu.linkonce.s2.*)
 *(.rel.sbss2 .rel.sbss2.* .rel.gnu.linkonce.sb2.*)
 *(.rela.sbss2 .rela.sbss2.* .rela.gnu.linkonce.sb2.*)
 *(.rel.bss .rel.bss.* .rel.gnu.linkonce.b.*)
 *(.rela.bss .rela.bss.* .rela.gnu.linkonce.b.*)
 *(.rel.plt)
 *(.rela.plt)
 *(.init)
 *(.plt)
 *(.text .stub .text.* .gnu.linkonce.t.*)
 .text          0x008001a8       0x3c ../Audio_bsp/obj/HAL/src/crt0.o
                0x008001a8                _start
 .text          0x008001e4      0x4a4 obj/hello_world.o
                0x00800574                playSound
                0x008001e4                main
 .text          0x00800688      0x11c /cygdrive/d/altera/91/nios2eds/bin/nios2-gnutools/H-i686-pc-cygwin/bin/../lib/gcc/nios2-elf/3.4.6/mno-hw-mul/libgcc.a(lib2-divmod.o)
                0x00800784                __udivsi3
                0x00800794                __umodsi3
                0x008006e8                __divsi3
                0x00800738                __modsi3
 .text          0x008007a4       0x28 /cygdrive/d/altera/91/nios2eds/bin/nios2-gnutools/H-i686-pc-cygwin/bin/../lib/gcc/nios2-elf/3.4.6/mno-hw-mul/libgcc.a(lib2-mul.o)
                0x008007a4                __mulsi3
 .text          0x008007cc       0x28 /cygdrive/d/altera/91/nios2eds/bin/nios2-gnutools/H-i686-pc-cygwin/bin/../lib/gcc/nios2-elf/3.4.6/../../../../nios2-elf/lib/mno-hw-mul/libc.a(malloc.o)
                0x008007cc                malloc
                0x008007e0                free
 .text          0x008007f4      0x6b8 /cygdrive/d/altera/91/nios2eds/bin/nios2-gnutools/H-i686-pc-cygwin/bin/../lib/gcc/nios2-elf/3.4.6/../../../../nios2-elf/lib/mno-hw-mul/libc.a(mallocr.o)
                0x008007f4                _malloc_r
 .text          0x00800eac       0x34 /cygdrive/d/altera/91/nios2eds/bin/nios2-gnutools/H-i686-pc-cygwin/bin/../lib/gcc/nios2-elf/3.4.6/../../../../nios2-elf/lib/mno-hw-mul/libc.a(printf.o)
                0x00800eac                printf
 .text          0x00800ee0       0x4c /cygdrive/d/altera/91/nios2eds/bin/nios2-gnutools/H-i686-pc-cygwin/bin/../lib/gcc/nios2-elf/3.4.6/../../../../nios2-elf/lib/mno-hw-mul/libc.a(sbrkr.o)
                0x00800ee0                _sbrk_r
 .text          0x00800f2c     0x1d3c /cygdrive/d/altera/91/nios2eds/bin/nios2-gnutools/H-i686-pc-cygwin/bin/../lib/gcc/nios2-elf/3.4.6/../../../../nios2-elf/lib/mno-hw-mul/libc.a(vfprintf1.o)
                0x00800f84                ___vfprintf_internal_r
                0x00802bfc                __vfprintf_internal
 .text          0x00802c68       0x88 /cygdrive/d/altera/91/nios2eds/bin/nios2-gnutools/H-i686-pc-cygwin/bin/../lib/gcc/nios2-elf/3.4.6/../../../../nios2-elf/lib/mno-hw-mul/libc.a(wcrtomb.o)
                0x00802c68                _wcrtomb_r
                0x00802ccc                wcrtomb
 .text          0x00802cf0      0x17c /cygdrive/d/altera/91/nios2eds/bin/nios2-gnutools/H-i686-pc-cygwin/bin/../lib/gcc/nios2-elf/3.4.6/../../../../nios2-elf/lib/mno-hw-mul/libc.a(wcsrtombs.o)
                0x00802cf0                _wcsrtombs_r
                0x00802e30                wcsrtombs
 .text          0x00802e6c      0x454 /cygdrive/d/altera/91/nios2eds/bin/nios2-gnutools/H-i686-pc-cygwin/bin/../lib/gcc/nios2-elf/3.4.6/../../../../nios2-elf/lib/mno-hw-mul/libc.a(wctomb_r.o)
                0x00802e6c                _wctomb_r
 .text          0x008032c0      0x10c /cygdrive/d/altera/91/nios2eds/bin/nios2-gnutools/H-i686-pc-cygwin/bin/../lib/gcc/nios2-elf/3.4.6/../../../../nios2-elf/lib/mno-hw-mul/libc.a(wsetup.o)
                0x008032c0                __swsetup
 .text          0x008033cc     0x1618 /cygdrive/d/altera/91/nios2eds/bin/nios2-gnutools/H-i686-pc-cygwin/bin/../lib/gcc/nios2-elf/3.4.6/../../../../nios2-elf/lib/mno-hw-mul/libc.a(dtoa.o)
                0x008035f8                _dtoa_r
 .text          0x008049e4       0xe8 /cygdrive/d/altera/91/nios2eds/bin/nios2-gnutools/H-i686-pc-cygwin/bin/../lib/gcc/nios2-elf/3.4.6/../../../../nios2-elf/lib/mno-hw-mul/libc.a(fflush.o)
                0x008049e4                fflush
 .text          0x00804acc      0x118 /cygdrive/d/altera/91/nios2eds/bin/nios2-gnutools/H-i686-pc-cygwin/bin/../lib/gcc/nios2-elf/3.4.6/../../../../nios2-elf/lib/mno-hw-mul/libc.a(findfp.o)
                0x00804b48                __sinit
                0x00804b38                _cleanup
                0x00804b24                _cleanup_r
 .text          0x00804be4      0x3dc /cygdrive/d/altera/91/nios2eds/bin/nios2-gnutools/H-i686-pc-cygwin/bin/../lib/gcc/nios2-elf/3.4.6/../../../../nios2-elf/lib/mno-hw-mul/libc.a(freer.o)
                0x00804d08                _free_r
                0x00804be4                _malloc_trim_r
 .text          0x00804fc0      0x384 /cygdrive/d/altera/91/nios2eds/bin/nios2-gnutools/H-i686-pc-cygwin/bin/../lib/gcc/nios2-elf/3.4.6/../../../../nios2-elf/lib/mno-hw-mul/libc.a(fvwrite.o)
                0x00804fc0                __sfvwrite
 .text          0x00805344       0xd4 /cygdrive/d/altera/91/nios2eds/bin/nios2-gnutools/H-i686-pc-cygwin/bin/../lib/gcc/nios2-elf/3.4.6/../../../../nios2-elf/lib/mno-hw-mul/libc.a(fwalk.o)
                0x00805344                _fwalk
 .text          0x00805418       0xc8 /cygdrive/d/altera/91/nios2eds/bin/nios2-gnutools/H-i686-pc-cygwin/bin/../lib/gcc/nios2-elf/3.4.6/../../../../nios2-elf/lib/mno-hw-mul/libc.a(locale.o)
                0x00805418                _setlocale_r
                0x008054a0                __locale_charset
                0x008054a8                _localeconv_r
                0x008054b4                setlocale
                0x008054d0                localeconv
 .text          0x008054e0      0x148 /cygdrive/d/altera/91/nios2eds/bin/nios2-gnutools/H-i686-pc-cygwin/bin/../lib/gcc/nios2-elf/3.4.6/../../../../nios2-elf/lib/mno-hw-mul/libc.a(makebuf.o)
                0x008054e0                __smakebuf
 .text          0x00805628       0xcc /cygdrive/d/altera/91/nios2eds/bin/nios2-gnutools/H-i686-pc-cygwin/bin/../lib/gcc/nios2-elf/3.4.6/../../../../nios2-elf/lib/mno-hw-mul/libc.a(memchr.o)
                0x00805628                memchr
 .text          0x008056f4       0xbc /cygdrive/d/altera/91/nios2eds/bin/nios2-gnutools/H-i686-pc-cygwin/bin/../lib/gcc/nios2-elf/3.4.6/../../../../nios2-elf/lib/mno-hw-mul/libc.a(memcpy.o)
                0x008056f4                memcpy
 .text          0x008057b0      0x108 /cygdrive/d/altera/91/nios2eds/bin/nios2-gnutools/H-i686-pc-cygwin/bin/../lib/gcc/nios2-elf/3.4.6/../../../../nios2-elf/lib/mno-hw-mul/libc.a(memmove.o)
                0x008057b0                memmove
 .text          0x008058b8       0x9c /cygdrive/d/altera/91/nios2eds/bin/nios2-gnutools/H-i686-pc-cygwin/bin/../lib/gcc/nios2-elf/3.4.6/../../../../nios2-elf/lib/mno-hw-mul/libc.a(memset.o)
                0x008058b8                memset
 .text          0x00805954      0xf6c /cygdrive/d/altera/91/nios2eds/bin/nios2-gnutools/H-i686-pc-cygwin/bin/../lib/gcc/nios2-elf/3.4.6/../../../../nios2-elf/lib/mno-hw-mul/libc.a(mprec.o)
                0x00806810                _mprec_log10
                0x00805c48                _hi0bits
                0x00805954                _Balloc
                0x008065e8                _d2b
                0x00805d9c                _multiply
                0x00806764                _ratio
                0x00805b4c                _s2b
                0x00805d60                _i2b
                0x00805cac                _lo0bits
                0x00806254                __mcmp
                0x00805ff0                _pow5mult
                0x0080643c                _ulp
                0x008064c4                _b2d
                0x00805a28                _multadd
                0x008062b8                __mdiff
                0x0080611c                _lshift
                0x00805a04                _Bfree
 .text          0x008068c0      0x550 /cygdrive/d/altera/91/nios2eds/bin/nios2-gnutools/H-i686-pc-cygwin/bin/../lib/gcc/nios2-elf/3.4.6/../../../../nios2-elf/lib/mno-hw-mul/libc.a(reallocr.o)
                0x008068c0                _realloc_r
 .text          0x00806e10       0x44 /cygdrive/d/altera/91/nios2eds/bin/nios2-gnutools/H-i686-pc-cygwin/bin/../lib/gcc/nios2-elf/3.4.6/../../../../nios2-elf/lib/mno-hw-mul/libc.a(s_isinf.o)
                0x00806e10                isinf
 .text          0x00806e54       0x34 /cygdrive/d/altera/91/nios2eds/bin/nios2-gnutools/H-i686-pc-cygwin/bin/../lib/gcc/nios2-elf/3.4.6/../../../../nios2-elf/lib/mno-hw-mul/libc.a(s_isnan.o)
                0x00806e54                isnan
 .text          0x00806e88      0x17c /cygdrive/d/altera/91/nios2eds/bin/nios2-gnutools/H-i686-pc-cygwin/bin/../lib/gcc/nios2-elf/3.4.6/../../../../nios2-elf/lib/mno-hw-mul/libc.a(stdio.o)
                0x00806f78                __sseek
                0x00806e88                __sread
                0x00806ff0                __sclose
                0x00806ef8                __swrite
 .text          0x00807004       0xb8 /cygdrive/d/altera/91/nios2eds/bin/nios2-gnutools/H-i686-pc-cygwin/bin/../lib/gcc/nios2-elf/3.4.6/../../../../nios2-elf/lib/mno-hw-mul/libc.a(strcmp.o)
                0x00807004                strcmp
 .text          0x008070bc       0x5c /cygdrive/d/altera/91/nios2eds/bin/nios2-gnutools/H-i686-pc-cygwin/bin/../lib/gcc/nios2-elf/3.4.6/../../../../nios2-elf/lib/mno-hw-mul/libc.a(strlen.o)
                0x008070bc                strlen
 .text          0x00807118       0x64 /cygdrive/d/altera/91/nios2eds/bin/nios2-gnutools/H-i686-pc-cygwin/bin/../lib/gcc/nios2-elf/3.4.6/../../../../nios2-elf/lib/mno-hw-mul/libc.a(writer.o)
                0x00807118                _write_r
 .text          0x0080717c       0xc4 /cygdrive/d/altera/91/nios2eds/bin/nios2-gnutools/H-i686-pc-cygwin/bin/../lib/gcc/nios2-elf/3.4.6/../../../../nios2-elf/lib/mno-hw-mul/libc.a(callocr.o)
                0x0080717c                _calloc_r
 .text          0x00807240       0x5c /cygdrive/d/altera/91/nios2eds/bin/nios2-gnutools/H-i686-pc-cygwin/bin/../lib/gcc/nios2-elf/3.4.6/../../../../nios2-elf/lib/mno-hw-mul/libc.a(closer.o)
                0x00807240                _close_r
 .text          0x0080729c       0x60 /cygdrive/d/altera/91/nios2eds/bin/nios2-gnutools/H-i686-pc-cygwin/bin/../lib/gcc/nios2-elf/3.4.6/../../../../nios2-elf/lib/mno-hw-mul/libc.a(fstatr.o)
                0x0080729c                _fstat_r
 .text          0x008072fc       0x64 /cygdrive/d/altera/91/nios2eds/bin/nios2-gnutools/H-i686-pc-cygwin/bin/../lib/gcc/nios2-elf/3.4.6/../../../../nios2-elf/lib/mno-hw-mul/libc.a(lseekr.o)
                0x008072fc                _lseek_r
 .text          0x00807360       0x64 /cygdrive/d/altera/91/nios2eds/bin/nios2-gnutools/H-i686-pc-cygwin/bin/../lib/gcc/nios2-elf/3.4.6/../../../../nios2-elf/lib/mno-hw-mul/libc.a(readr.o)
                0x00807360                _read_r
 .text          0x008073c4       0x20 /cygdrive/d/altera/91/nios2eds/bin/nios2-gnutools/H-i686-pc-cygwin/bin/../lib/gcc/nios2-elf/3.4.6/mno-hw-mul/libgcc.a(_negdi2.o)
                0x008073c4                __negdi2
 .text          0x008073e4      0x5f0 /cygdrive/d/altera/91/nios2eds/bin/nios2-gnutools/H-i686-pc-cygwin/bin/../lib/gcc/nios2-elf/3.4.6/mno-hw-mul/libgcc.a(_udivdi3.o)
                0x008073e4                __udivdi3
 .text          0x008079d4      0x650 /cygdrive/d/altera/91/nios2eds/bin/nios2-gnutools/H-i686-pc-cygwin/bin/../lib/gcc/nios2-elf/3.4.6/mno-hw-mul/libgcc.a(_umoddi3.o)
                0x008079d4                __umoddi3
 .text          0x00808024      0x400 /cygdrive/d/altera/91/nios2eds/bin/nios2-gnutools/H-i686-pc-cygwin/bin/../lib/gcc/nios2-elf/3.4.6/mno-hw-mul/libgcc.a(_addsub_df.o)
                0x00808340                __adddf3
                0x008083ac                __subdf3
 .text          0x00808424      0x400 /cygdrive/d/altera/91/nios2eds/bin/nios2-gnutools/H-i686-pc-cygwin/bin/../lib/gcc/nios2-elf/3.4.6/mno-hw-mul/libgcc.a(_mul_df.o)
                0x00808424                __muldf3
 .text          0x00808824      0x250 /cygdrive/d/altera/91/nios2eds/bin/nios2-gnutools/H-i686-pc-cygwin/bin/../lib/gcc/nios2-elf/3.4.6/mno-hw-mul/libgcc.a(_div_df.o)
                0x00808824                __divdf3
 .text          0x00808a74       0x8c /cygdrive/d/altera/91/nios2eds/bin/nios2-gnutools/H-i686-pc-cygwin/bin/../lib/gcc/nios2-elf/3.4.6/mno-hw-mul/libgcc.a(_eq_df.o)
                0x00808a74                __eqdf2
 .text          0x00808b00       0x8c /cygdrive/d/altera/91/nios2eds/bin/nios2-gnutools/H-i686-pc-cygwin/bin/../lib/gcc/nios2-elf/3.4.6/mno-hw-mul/libgcc.a(_ne_df.o)
                0x00808b00                __nedf2
 .text          0x00808b8c       0x8c /cygdrive/d/altera/91/nios2eds/bin/nios2-gnutools/H-i686-pc-cygwin/bin/../lib/gcc/nios2-elf/3.4.6/mno-hw-mul/libgcc.a(_gt_df.o)
                0x00808b8c                __gtdf2
 .text          0x00808c18       0x8c /cygdrive/d/altera/91/nios2eds/bin/nios2-gnutools/H-i686-pc-cygwin/bin/../lib/gcc/nios2-elf/3.4.6/mno-hw-mul/libgcc.a(_ge_df.o)
                0x00808c18                __gedf2
 .text          0x00808ca4       0x8c /cygdrive/d/altera/91/nios2eds/bin/nios2-gnutools/H-i686-pc-cygwin/bin/../lib/gcc/nios2-elf/3.4.6/mno-hw-mul/libgcc.a(_lt_df.o)
                0x00808ca4                __ltdf2
 .text          0x00808d30       0xd0 /cygdrive/d/altera/91/nios2eds/bin/nios2-gnutools/H-i686-pc-cygwin/bin/../lib/gcc/nios2-elf/3.4.6/mno-hw-mul/libgcc.a(_si_to_df.o)
                0x00808d30                __floatsidf
 .text          0x00808e00       0xb0 /cygdrive/d/altera/91/nios2eds/bin/nios2-gnutools/H-i686-pc-cygwin/bin/../lib/gcc/nios2-elf/3.4.6/mno-hw-mul/libgcc.a(_df_to_si.o)
                0x00808e00                __fixdfsi
 .text          0x00808eb0      0x10c /cygdrive/d/altera/91/nios2eds/bin/nios2-gnutools/H-i686-pc-cygwin/bin/../lib/gcc/nios2-elf/3.4.6/mno-hw-mul/libgcc.a(_muldi3.o)
                0x00808eb0                __muldi3
 .text          0x00808fbc       0x50 /cygdrive/d/altera/91/nios2eds/bin/nios2-gnutools/H-i686-pc-cygwin/bin/../lib/gcc/nios2-elf/3.4.6/mno-hw-mul/libgcc.a(_lshrdi3.o)
                0x00808fbc                __lshrdi3
 .text          0x0080900c      0x290 /cygdrive/d/altera/91/nios2eds/bin/nios2-gnutools/H-i686-pc-cygwin/bin/../lib/gcc/nios2-elf/3.4.6/mno-hw-mul/libgcc.a(_pack_df.o)
                0x0080900c                __pack_d
 .text          0x0080929c      0x128 /cygdrive/d/altera/91/nios2eds/bin/nios2-gnutools/H-i686-pc-cygwin/bin/../lib/gcc/nios2-elf/3.4.6/mno-hw-mul/libgcc.a(_unpack_df.o)
                0x0080929c                __unpack_d
 .text          0x008093c4      0x114 /cygdrive/d/altera/91/nios2eds/bin/nios2-gnutools/H-i686-pc-cygwin/bin/../lib/gcc/nios2-elf/3.4.6/mno-hw-mul/libgcc.a(_fpcmp_parts_df.o)
                0x008093c4                __fpcmp_parts_d
 .text          0x008094d8       0x50 /cygdrive/d/altera/91/nios2eds/bin/nios2-gnutools/H-i686-pc-cygwin/bin/../lib/gcc/nios2-elf/3.4.6/mno-hw-mul/libgcc.a(_ashldi3.o)
                0x008094d8                __ashldi3
 .text          0x00809528      0x144 ../Audio_bsp/libhal_bsp.a(alt_close.o)
                0x00809528                close
 .text          0x0080966c       0x28 ../Audio_bsp/libhal_bsp.a(alt_dev.o)
 .text          0x00809694      0x11c ../Audio_bsp/libhal_bsp.a(alt_fstat.o)
                0x00809694                fstat
 .text          0x008097b0      0x108 ../Audio_bsp/libhal_bsp.a(alt_isatty.o)
                0x008097b0                isatty
 .text          0x008098b8       0xe4 ../Audio_bsp/libhal_bsp.a(alt_load.o)
                0x008098b8                alt_load
 .text          0x0080999c      0x138 ../Audio_bsp/libhal_bsp.a(alt_lseek.o)
                0x0080999c                lseek
 .text          0x00809ad4       0x70 ../Audio_bsp/libhal_bsp.a(alt_main.o)
                0x00809ad4                alt_main
 .text          0x00809b44       0x38 ../Audio_bsp/libhal_bsp.a(alt_malloc_lock.o)
                0x00809b60                __malloc_unlock
                0x00809b44                __malloc_lock
 .text          0x00809b7c      0x168 ../Audio_bsp/libhal_bsp.a(alt_read.o)
                0x00809b7c                read
 .text          0x00809ce4       0x74 ../Audio_bsp/libhal_bsp.a(alt_release_fd.o)
                0x00809ce4                alt_release_fd
 .text          0x00809d58       0xc0 ../Audio_bsp/libhal_bsp.a(alt_sbrk.o)
                0x00809d58                sbrk
 .text          0x00809e18      0x168 ../Audio_bsp/libhal_bsp.a(alt_write.o)
                0x00809e18                write
 .text          0x00809f80       0xc4 ../Audio_bsp/libhal_bsp.a(alt_sys_init.o)
                0x00809fb0                alt_sys_init
                0x00809f80                alt_irq_init
 .text          0x0080a044      0x138 ../Audio_bsp/libhal_bsp.a(altera_avalon_jtag_uart_fd.o)
                0x0080a044                altera_avalon_jtag_uart_read_fd
                0x0080a0ec                altera_avalon_jtag_uart_close_fd
                0x0080a130                altera_avalon_jtag_uart_ioctl_fd
                0x0080a098                altera_avalon_jtag_uart_write_fd
 .text          0x0080a17c      0x404 ../Audio_bsp/libhal_bsp.a(altera_avalon_jtag_uart_init.o)
                0x0080a17c                altera_avalon_jtag_uart_init
                0x0080a514                altera_avalon_jtag_uart_close
 .text          0x0080a580       0xf8 ../Audio_bsp/libhal_bsp.a(altera_avalon_jtag_uart_ioctl.o)
                0x0080a580                altera_avalon_jtag_uart_ioctl
 .text          0x0080a678      0x234 ../Audio_bsp/libhal_bsp.a(altera_avalon_jtag_uart_read.o)
                0x0080a678                altera_avalon_jtag_uart_read
 .text          0x0080a8ac      0x254 ../Audio_bsp/libhal_bsp.a(altera_avalon_jtag_uart_write.o)
                0x0080a8ac                altera_avalon_jtag_uart_write
 .text          0x0080ab00      0x7e0 ../Audio_bsp/libhal_bsp.a(altera_up_avalon_audio.o)
                0x0080ad54                alt_up_audio_read_fifo_avail
                0x0080adc8                alt_up_audio_record_r
                0x0080acd0                alt_up_audio_reset_audio_core
                0x0080ac98                alt_up_audio_write_interrupt_pending
                0x0080b220                alt_up_audio_read_fifo_head
                0x0080b27c                alt_up_audio_write_fifo_head
                0x0080ab00                alt_up_audio_open_dev
                0x0080af20                alt_up_audio_play_r
                0x0080b0f8                alt_up_audio_write_fifo
                0x0080aff8                alt_up_audio_read_fifo
                0x0080ac14                alt_up_audio_disable_write_interrupt
                0x0080abcc                alt_up_audio_enable_write_interrupt
                0x0080ab80                alt_up_audio_disable_read_interrupt
                0x0080aea0                alt_up_audio_write_fifo_space
                0x0080ae34                alt_up_audio_record_l
                0x0080af8c                alt_up_audio_play_l
                0x0080ab38                alt_up_audio_enable_read_interrupt
                0x0080ac60                alt_up_audio_read_interrupt_pending
 .text          0x0080b2e0     0x3f24 ../Audio_bsp/libhal_bsp.a(altera_up_sd_card_avalon_interface.o)
                0x0080b654                Check_for_Master_Boot_Record
                0x0080f048                alt_up_sd_card_fclose
                0x0080dc70                alt_up_sd_card_is_Present
                0x0080b394                Save_Modified_Sector
                0x0080e1b8                alt_up_sd_card_fopen
                0x0080dda4                alt_up_sd_card_find_first
                0x0080d514                find_first_empty_record_in_root_directory
                0x0080d144                find_first_empty_cluster
                0x0080dbb4                alt_up_sd_card_open_dev
                0x0080c5b8                get_dir_divider_location
                0x0080c324                filename_to_upper_case
                0x0080e530                alt_up_sd_card_set_attributes
                0x0080b7f0                Read_File_Record_At_Offset
                0x0080cd50                find_file_in_directory
                0x0080dd34                alt_up_sd_card_is_FAT16
                0x0080c8ac                get_home_directory_cluster_for_file
                0x0080b570                mark_cluster
                0x0080d62c                convert_filename_to_name_extension
                0x0080d2e4                find_first_empty_record_in_a_subdirectory
                0x0080e638                alt_up_sd_card_get_size
                0x0080e5b4                alt_up_sd_card_get_attributes
                0x0080b2e0                Write_Sector_Data
                0x0080ea48                alt_up_sd_card_write
                0x0080b4c0                get_cluster_flag
                0x0080ba1c                Write_File_Record_At_Offset
                0x0080bc80                Check_for_DOS_FAT
                0x0080d788                create_file
                0x0080c3c8                check_file_name_for_FAT16_compliance
                0x0080da80                copy_file_record_name_to_string
                0x0080c244                Look_for_FAT16
                0x0080de6c                alt_up_sd_card_find_next
                0x0080b3dc                Read_Sector_Data
                0x0080e6bc                alt_up_sd_card_read
                0x0080c654                match_file_record_to_name_ext
 .text          0x0080f204      0x154 ../Audio_bsp/libhal_bsp.a(alt_alarm_start.o)
                0x0080f204                alt_alarm_start
 .text          0x0080f358       0x18 ../Audio_bsp/libhal_bsp.a(alt_dcache_flush_all.o)
                0x0080f358                alt_dcache_flush_all
 .text          0x0080f370       0xf8 ../Audio_bsp/libhal_bsp.a(alt_dev_llist_insert.o)
                0x0080f370                alt_dev_llist_insert
 .text          0x0080f468       0x58 ../Audio_bsp/libhal_bsp.a(alt_do_ctors.o)
                0x0080f468                _do_ctors
 .text          0x0080f4c0       0x58 ../Audio_bsp/libhal_bsp.a(alt_do_dtors.o)
                0x0080f4c0                _do_dtors
 .text          0x0080f518       0x90 ../Audio_bsp/libhal_bsp.a(alt_find_dev.o)
                0x0080f518                alt_find_dev
 .text          0x0080f5a8       0x18 ../Audio_bsp/libhal_bsp.a(alt_icache_flush_all.o)
                0x0080f5a8                alt_icache_flush_all
 .text          0x0080f5c0      0x150 ../Audio_bsp/libhal_bsp.a(alt_io_redirect.o)
                0x0080f69c                alt_io_redirect
 .text          0x0080f710      0x1a4 ../Audio_bsp/libhal_bsp.a(alt_irq_register.o)
                0x0080f710                alt_irq_register
 .text          0x0080f8b4      0x2b8 ../Audio_bsp/libhal_bsp.a(alt_open.o)
                0x0080f99c                open
 .text          0x0080fb6c      0x19c ../Audio_bsp/libhal_bsp.a(alt_tick.o)
                0x0080fc08                alt_tick
                0x0080fb6c                alt_alarm_stop
 .text          0x0080fd08       0x1c ../Audio_bsp/libhal_bsp.a(altera_nios2_irq.o)
                0x0080fd08                altera_nios2_irq_init
 .text          0x0080fd24       0xe4 ../Audio_bsp/libhal_bsp.a(alt_find_file.o)
                0x0080fd24                alt_find_file
 .text          0x0080fe08       0xc4 ../Audio_bsp/libhal_bsp.a(alt_get_fd.o)
                0x0080fe08                alt_get_fd
 .text          0x0080fecc       0x9c /cygdrive/d/altera/91/nios2eds/bin/nios2-gnutools/H-i686-pc-cygwin/bin/../lib/gcc/nios2-elf/3.4.6/../../../../nios2-elf/lib/mno-hw-mul/libc.a(atexit.o)
                0x0080fecc                atexit
 .text          0x0080ff68       0xe4 /cygdrive/d/altera/91/nios2eds/bin/nios2-gnutools/H-i686-pc-cygwin/bin/../lib/gcc/nios2-elf/3.4.6/../../../../nios2-elf/lib/mno-hw-mul/libc.a(exit.o)
                0x0080ff68                exit
 .text          0x0081004c       0x70 /cygdrive/d/altera/91/nios2eds/bin/nios2-gnutools/H-i686-pc-cygwin/bin/../lib/gcc/nios2-elf/3.4.6/../../../../nios2-elf/lib/mno-hw-mul/libc.a(memcmp.o)
                0x0081004c                memcmp
 .text          0x008100bc       0x50 ../Audio_bsp/libhal_bsp.a(alt_exit.o)
                0x008100ec                _exit
 *(.gnu.warning.*)
 *(.fini)
                0x0081010c                PROVIDE (__etext, <code 336> (.))
                0x0081010c                PROVIDE (_etext, <code 336> (.))
                0x0081010c                PROVIDE (etext, <code 336> (.))
 *(.eh_frame_hdr)
                0x0081010c                . = ALIGN (0x4)
                0x0081010c                PROVIDE (__preinit_array_start, <code 336> (.))
 *(.preinit_array)
                0x0081010c                PROVIDE (__preinit_array_end, <code 336> (.))
                0x0081010c                PROVIDE (__init_array_start, <code 336> (.))
 *(.init_array)
                0x0081010c                PROVIDE (__init_array_end, <code 336> (.))
                0x0081010c                PROVIDE (__fini_array_start, <code 336> (.))
 *(.fini_array)
                0x0081010c                PROVIDE (__fini_array_end, <code 336> (.))
 *(.eh_frame)
 *(.gcc_except_table)
 *(.dynamic)
                0x0081010c                PROVIDE (__CTOR_LIST__, <code 336> (.))
 *(.ctors)
 *(SORT(.ctors.*))
                0x0081010c                PROVIDE (__CTOR_END__, <code 336> (.))
                0x0081010c                PROVIDE (__DTOR_LIST__, <code 336> (.))
 *(.dtors)
 *(SORT(.dtors.*))
                0x0081010c                PROVIDE (__DTOR_END__, <code 336> (.))
 *(.jcr)
                0x0081010c                . = ALIGN (0x4)

.rodata         0x0081010c      0x5e8 load address 0x0081010c
                0x0081010c                PROVIDE (__ram_rodata_start, <code 336> (.))
                0x0081010c                . = ALIGN (0x4)
 *(.rodata .rodata.* .gnu.linkonce.r.*)
 .rodata        0x0081010c       0xd4 obj/hello_world.o
 .rodata        0x008101e0      0x184 /cygdrive/d/altera/91/nios2eds/bin/nios2-gnutools/H-i686-pc-cygwin/bin/../lib/gcc/nios2-elf/3.4.6/../../../../nios2-elf/lib/mno-hw-mul/libc.a(vfprintf1.o)
 .rodata.str1.4
                0x00810364       0x5b /cygdrive/d/altera/91/nios2eds/bin/nios2-gnutools/H-i686-pc-cygwin/bin/../lib/gcc/nios2-elf/3.4.6/../../../../nios2-elf/lib/mno-hw-mul/libc.a(vfprintf1.o)
                                 0x5c (size before relaxing)
 *fill*         0x008103bf        0x1 00
 .rodata.str1.4
                0x008103c0       0x1e /cygdrive/d/altera/91/nios2eds/bin/nios2-gnutools/H-i686-pc-cygwin/bin/../lib/gcc/nios2-elf/3.4.6/../../../../nios2-elf/lib/mno-hw-mul/libc.a(wctomb_r.o)
                                 0x20 (size before relaxing)
 *fill*         0x008103de        0x2 00
 .rodata.str1.4
                0x008103e0        0x9 /cygdrive/d/altera/91/nios2eds/bin/nios2-gnutools/H-i686-pc-cygwin/bin/../lib/gcc/nios2-elf/3.4.6/../../../../nios2-elf/lib/mno-hw-mul/libc.a(dtoa.o)
                                 0x14 (size before relaxing)
 *fill*         0x008103e9        0x3 00
 .rodata        0x008103ec       0x18 /cygdrive/d/altera/91/nios2eds/bin/nios2-gnutools/H-i686-pc-cygwin/bin/../lib/gcc/nios2-elf/3.4.6/../../../../nios2-elf/lib/mno-hw-mul/libc.a(dtoa.o)
 .rodata.str1.4
                0x00810404        0x2 /cygdrive/d/altera/91/nios2eds/bin/nios2-gnutools/H-i686-pc-cygwin/bin/../lib/gcc/nios2-elf/3.4.6/../../../../nios2-elf/lib/mno-hw-mul/libc.a(impure.o)
                                  0x4 (size before relaxing)
 *fill*         0x00810406        0x2 00
 .rodata.str1.4
                0x00810408        0xb /cygdrive/d/altera/91/nios2eds/bin/nios2-gnutools/H-i686-pc-cygwin/bin/../lib/gcc/nios2-elf/3.4.6/../../../../nios2-elf/lib/mno-hw-mul/libc.a(locale.o)
                                 0x18 (size before relaxing)
 *fill*         0x00810413        0x1 00
 .rodata        0x00810414       0x30 /cygdrive/d/altera/91/nios2eds/bin/nios2-gnutools/H-i686-pc-cygwin/bin/../lib/gcc/nios2-elf/3.4.6/../../../../nios2-elf/lib/mno-hw-mul/libc.a(locale.o)
 .rodata        0x00810444      0x124 /cygdrive/d/altera/91/nios2eds/bin/nios2-gnutools/H-i686-pc-cygwin/bin/../lib/gcc/nios2-elf/3.4.6/../../../../nios2-elf/lib/mno-hw-mul/libc.a(mprec.o)
                0x00810444                __mprec_tinytens
                0x00810494                __mprec_tens
                0x0081046c                __mprec_bigtens
 .rodata        0x00810568       0x14 /cygdrive/d/altera/91/nios2eds/bin/nios2-gnutools/H-i686-pc-cygwin/bin/../lib/gcc/nios2-elf/3.4.6/mno-hw-mul/libgcc.a(_thenan_df.o)
                0x00810568                __thenan_df
 .rodata        0x0081057c      0x100 /cygdrive/d/altera/91/nios2eds/bin/nios2-gnutools/H-i686-pc-cygwin/bin/../lib/gcc/nios2-elf/3.4.6/mno-hw-mul/libgcc.a(_clz.o)
                0x0081057c                __clz_tab
 .rodata        0x0081067c        0xc ../Audio_bsp/libhal_bsp.a(alt_dev.o)
 .rodata        0x00810688       0x14 ../Audio_bsp/libhal_bsp.a(alt_main.o)
 .rodata        0x0081069c       0x4c ../Audio_bsp/libhal_bsp.a(alt_sys_init.o)
 .rodata        0x008106e8        0xb ../Audio_bsp/libhal_bsp.a(altera_up_sd_card_avalon_interface.o)
 *(.rodata1)
                0x008106f4                . = ALIGN (0x4)
 *fill*         0x008106f3        0x1 00
                0x008106f4                PROVIDE (__ram_rodata_end, <code 336> (.))
                0x0081010c                PROVIDE (__flash_rodata_start, LOADADDR (.rodata))

.rwdata         0x008106f4     0x1b00 load address 0x008106f4
                0x008106f4                PROVIDE (__ram_rwdata_start, <code 336> (.))
                0x008106f4                . = ALIGN (0x4)
 *(.got.plt)
 *(.got)
 *(.data1)
 *(.data .data.* .gnu.linkonce.d.*)
 .data          0x008106f4      0x430 /cygdrive/d/altera/91/nios2eds/bin/nios2-gnutools/H-i686-pc-cygwin/bin/../lib/gcc/nios2-elf/3.4.6/../../../../nios2-elf/lib/mno-hw-mul/libc.a(mallocr.o)
                0x008106f4                __malloc_current_mallinfo
                0x0081071c                __malloc_av_
 .data          0x00810b24      0x37c /cygdrive/d/altera/91/nios2eds/bin/nios2-gnutools/H-i686-pc-cygwin/bin/../lib/gcc/nios2-elf/3.4.6/../../../../nios2-elf/lib/mno-hw-mul/libc.a(impure.o)
 .data          0x00810ea0        0xc /cygdrive/d/altera/91/nios2eds/bin/nios2-gnutools/H-i686-pc-cygwin/bin/../lib/gcc/nios2-elf/3.4.6/../../../../nios2-elf/lib/mno-hw-mul/libc.a(locale.o)
                0x00810ea0                __lc_ctype
 .data          0x00810eac      0x1a8 ../Audio_bsp/libhal_bsp.a(alt_dev.o)
                0x00810ed4                alt_fd_list
                0x00810eac                alt_dev_null
 .data          0x00811054     0x10ec ../Audio_bsp/libhal_bsp.a(alt_sys_init.o)
                0x0081a140                _gp = <code 336> ((. + 0x8000))
                0x0081a140                PROVIDE (gp, _gp)
 *(.sdata .sdata.* .gnu.linkonce.s.*)
 .sdata         0x00812140       0x14 obj/hello_world.o
                0x00812150                audio_ptr
                0x00812144                audio_dev_reference
                0x0081214c                sound
                0x00812140                device_reference
                0x00812148                buffer_index
 .sdata         0x00812154       0x14 /cygdrive/d/altera/91/nios2eds/bin/nios2-gnutools/H-i686-pc-cygwin/bin/../lib/gcc/nios2-elf/3.4.6/../../../../nios2-elf/lib/mno-hw-mul/libc.a(mallocr.o)
                0x00812160                __malloc_top_pad
                0x00812158                __malloc_max_sbrked_mem
                0x0081215c                __malloc_sbrk_base
                0x00812154                __malloc_max_total_mem
                0x00812164                __malloc_trim_threshold
 .sdata         0x00812168        0x4 /cygdrive/d/altera/91/nios2eds/bin/nios2-gnutools/H-i686-pc-cygwin/bin/../lib/gcc/nios2-elf/3.4.6/../../../../nios2-elf/lib/mno-hw-mul/libc.a(impure.o)
                0x00812168                _impure_ptr
 .sdata         0x0081216c       0x14 /cygdrive/d/altera/91/nios2eds/bin/nios2-gnutools/H-i686-pc-cygwin/bin/../lib/gcc/nios2-elf/3.4.6/../../../../nios2-elf/lib/mno-hw-mul/libc.a(locale.o)
                0x00812178                __mb_cur_max
                0x00812174                __nlocale_changed
                0x00812170                __mlocale_changed
                0x0081216c                _PathLocale
 .sdata         0x00812180       0x14 ../Audio_bsp/libhal_bsp.a(alt_dev.o)
                0x00812190                alt_max_fd
                0x00812188                alt_dev_list
                0x00812180                alt_fs_list
 .sdata         0x00812194        0x4 ../Audio_bsp/libhal_bsp.a(alt_errno.o)
                0x00812194                alt_errno
 .sdata         0x00812198        0xc ../Audio_bsp/libhal_bsp.a(alt_main.o)
                0x0081219c                alt_argv
                0x008121a0                alt_envp
                0x00812198                alt_argc
 .sdata         0x008121a4        0x4 ../Audio_bsp/libhal_bsp.a(alt_sbrk.o)
 .sdata         0x008121a8       0x34 ../Audio_bsp/libhal_bsp.a(altera_up_sd_card_avalon_interface.o)
                0x008121b0                aux_status_register
                0x008121d4                current_sector_modified
                0x008121cc                fat_partition_size_in_512_byte_sectors
                0x008121c0                command_argument_register
                0x008121d8                current_sector_index
                0x008121ac                is_sd_card_formated_as_FAT16
                0x008121d0                device_pointer
                0x008121a8                initialized
                0x008121b4                status_register
                0x008121bc                command_register
                0x008121b8                CSD_register_w0
                0x008121c4                buffer_memory
                0x008121c8                fat_partition_offset_in_512_byte_sectors
 .sdata         0x008121dc        0x8 ../Audio_bsp/libhal_bsp.a(alt_irq_vars.o)
                0x008121dc                alt_irq_active
                0x008121e0                alt_priority_mask
 .sdata         0x008121e4       0x10 ../Audio_bsp/libhal_bsp.a(alt_tick.o)
                0x008121e4                _alt_tick_rate
                0x008121e8                _alt_nticks
                0x008121ec                alt_alarm_list
 *(.sdata2 .sdata2.* .gnu.linkonce.s2.*)
                0x008121f4                . = ALIGN (0x4)
                0x008121f4                _edata = <code 336> (.)
                0x008121f4                PROVIDE (edata, <code 336> (.))
                0x008121f4                PROVIDE (__ram_rwdata_end, <code 336> (.))
                0x008106f4                PROVIDE (__flash_rwdata_start, LOADADDR (.rwdata))

.bss            0x008121f4      0x808 load address 0x008121f4
                0x008121f4                __bss_start = <code 336> (.)
                0x008121f4                PROVIDE (__sbss_start, <code 336> (.))
                0x008121f4                PROVIDE (___sbss_start, <code 336> (.))
 *(.dynsbss)
 *(.sbss .sbss.* .gnu.linkonce.sb.*)
 .sbss          0x008121f4        0xc obj/hello_world.o
                0x008121f8                buffers
                0x008121f4                left_buffer
                0x008121fc                fifospace
 .sbss          0x00812200        0x4 /cygdrive/d/altera/91/nios2eds/bin/nios2-gnutools/H-i686-pc-cygwin/bin/../lib/gcc/nios2-elf/3.4.6/../../../../nios2-elf/lib/mno-hw-mul/libc.a(int_errno.o)
                0x00812200                errno
 .sbss          0x00812204        0x4 /cygdrive/d/altera/91/nios2eds/bin/nios2-gnutools/H-i686-pc-cygwin/bin/../lib/gcc/nios2-elf/3.4.6/../../../../nios2-elf/lib/mno-hw-mul/libc.a(atexit.o)
 *(.sbss2 .sbss2.* .gnu.linkonce.sb2.*)
 *(.scommon)
                0x00812208                PROVIDE (__sbss_end, <code 336> (.))
                0x00812208                PROVIDE (___sbss_end, <code 336> (.))
 *(.dynbss)
 *(.bss .bss.* .gnu.linkonce.b.*)
 *(COMMON)
 COMMON         0x00812208       0x80 obj/hello_world.o
                                  0x0 (size before relaxing)
                0x00812208                size_array
                0x00812248                fileNames
 COMMON         0x00812288      0x568 ../Audio_bsp/libhal_bsp.a(altera_up_sd_card_avalon_interface.o)
                                  0x0 (size before relaxing)
                0x00812288                search_data
                0x0081229c                boot_sector_data
                0x008122f0                active_files
 COMMON         0x008127f0      0x100 ../Audio_bsp/libhal_bsp.a(alt_irq_handler.o)
                                  0x0 (size before relaxing)
                0x008127f0                alt_irq
 COMMON         0x008128f0      0x10c /cygdrive/d/altera/91/nios2eds/bin/nios2-gnutools/H-i686-pc-cygwin/bin/../lib/gcc/nios2-elf/3.4.6/../../../../nios2-elf/lib/mno-hw-mul/libc.a(atexit.o)
                                  0x0 (size before relaxing)
                0x008128f0                _atexit0
                0x008129fc                . = ALIGN (0x4)
                0x008129fc                __bss_end = <code 336> (.)

.sdram_0        0x008129fc        0x0 load address 0x008129fc
                0x008129fc                PROVIDE (_alt_partition_sdram_0_start, <code 336> (.))
 *(.sdram_0. sdram_0.*)
                0x008129fc                . = ALIGN (0x4)
                0x008129fc                PROVIDE (_alt_partition_sdram_0_end, <code 336> (.))
                0x008129fc                _end = <code 336> (.)
                0x008129fc                end = <code 336> (.)
                0x008129fc                __alt_stack_base = <code 336> (.)
                0x008129fc                PROVIDE (_alt_partition_sdram_0_load_addr, LOADADDR (.sdram_0))

.sram_0         0x010801c8        0x0 load address 0x008129fc
                0x010801c8                PROVIDE (_alt_partition_sram_0_start, <code 336> (.))
 *(.sram_0. sram_0.*)
                0x010801c8                . = ALIGN (0x4)
                0x010801c8                PROVIDE (_alt_partition_sram_0_end, <code 336> (.))
                0x008129fc                PROVIDE (_alt_partition_sram_0_load_addr, LOADADDR (.sram_0))

.stab
 *(.stab)

.stabstr
 *(.stabstr)

.stab.excl
 *(.stab.excl)

.stab.exclstr
 *(.stab.exclstr)

.stab.index
 *(.stab.index)

.stab.indexstr
 *(.stab.indexstr)

.comment        0x00000000     0x115c
 *(.comment)
 .comment       0x00000000       0x2c obj/hello_world.o
 .comment       0x0000002c       0x2c /cygdrive/d/altera/91/nios2eds/bin/nios2-gnutools/H-i686-pc-cygwin/bin/../lib/gcc/nios2-elf/3.4.6/mno-hw-mul/libgcc.a(lib2-divmod.o)
 .comment       0x00000058       0x2c /cygdrive/d/altera/91/nios2eds/bin/nios2-gnutools/H-i686-pc-cygwin/bin/../lib/gcc/nios2-elf/3.4.6/mno-hw-mul/libgcc.a(lib2-mul.o)
 .comment       0x00000084       0x2c /cygdrive/d/altera/91/nios2eds/bin/nios2-gnutools/H-i686-pc-cygwin/bin/../lib/gcc/nios2-elf/3.4.6/../../../../nios2-elf/lib/mno-hw-mul/libc.a(malloc.o)
 .comment       0x000000b0       0x2c /cygdrive/d/altera/91/nios2eds/bin/nios2-gnutools/H-i686-pc-cygwin/bin/../lib/gcc/nios2-elf/3.4.6/../../../../nios2-elf/lib/mno-hw-mul/libc.a(mallocr.o)
 .comment       0x000000dc       0x2c /cygdrive/d/altera/91/nios2eds/bin/nios2-gnutools/H-i686-pc-cygwin/bin/../lib/gcc/nios2-elf/3.4.6/../../../../nios2-elf/lib/mno-hw-mul/libc.a(printf.o)
 .comment       0x00000108       0x2c /cygdrive/d/altera/91/nios2eds/bin/nios2-gnutools/H-i686-pc-cygwin/bin/../lib/gcc/nios2-elf/3.4.6/../../../../nios2-elf/lib/mno-hw-mul/libc.a(sbrkr.o)
 .comment       0x00000134       0x2c /cygdrive/d/altera/91/nios2eds/bin/nios2-gnutools/H-i686-pc-cygwin/bin/../lib/gcc/nios2-elf/3.4.6/../../../../nios2-elf/lib/mno-hw-mul/libc.a(vfprintf1.o)
 .comment       0x00000160       0x2c /cygdrive/d/altera/91/nios2eds/bin/nios2-gnutools/H-i686-pc-cygwin/bin/../lib/gcc/nios2-elf/3.4.6/../../../../nios2-elf/lib/mno-hw-mul/libc.a(wcrtomb.o)
 .comment       0x0000018c       0x2c /cygdrive/d/altera/91/nios2eds/bin/nios2-gnutools/H-i686-pc-cygwin/bin/../lib/gcc/nios2-elf/3.4.6/../../../../nios2-elf/lib/mno-hw-mul/libc.a(wcsrtombs.o)
 .comment       0x000001b8       0x2c /cygdrive/d/altera/91/nios2eds/bin/nios2-gnutools/H-i686-pc-cygwin/bin/../lib/gcc/nios2-elf/3.4.6/../../../../nios2-elf/lib/mno-hw-mul/libc.a(wctomb_r.o)
 .comment       0x000001e4       0x2c /cygdrive/d/altera/91/nios2eds/bin/nios2-gnutools/H-i686-pc-cygwin/bin/../lib/gcc/nios2-elf/3.4.6/../../../../nios2-elf/lib/mno-hw-mul/libc.a(wsetup.o)
 .comment       0x00000210       0x2c /cygdrive/d/altera/91/nios2eds/bin/nios2-gnutools/H-i686-pc-cygwin/bin/../lib/gcc/nios2-elf/3.4.6/../../../../nios2-elf/lib/mno-hw-mul/libc.a(dtoa.o)
 .comment       0x0000023c       0x2c /cygdrive/d/altera/91/nios2eds/bin/nios2-gnutools/H-i686-pc-cygwin/bin/../lib/gcc/nios2-elf/3.4.6/../../../../nios2-elf/lib/mno-hw-mul/libc.a(fflush.o)
 .comment       0x00000268       0x2c /cygdrive/d/altera/91/nios2eds/bin/nios2-gnutools/H-i686-pc-cygwin/bin/../lib/gcc/nios2-elf/3.4.6/../../../../nios2-elf/lib/mno-hw-mul/libc.a(findfp.o)
 .comment       0x00000294       0x2c /cygdrive/d/altera/91/nios2eds/bin/nios2-gnutools/H-i686-pc-cygwin/bin/../lib/gcc/nios2-elf/3.4.6/../../../../nios2-elf/lib/mno-hw-mul/libc.a(freer.o)
 .comment       0x000002c0       0x2c /cygdrive/d/altera/91/nios2eds/bin/nios2-gnutools/H-i686-pc-cygwin/bin/../lib/gcc/nios2-elf/3.4.6/../../../../nios2-elf/lib/mno-hw-mul/libc.a(fvwrite.o)
 .comment       0x000002ec       0x2c /cygdrive/d/altera/91/nios2eds/bin/nios2-gnutools/H-i686-pc-cygwin/bin/../lib/gcc/nios2-elf/3.4.6/../../../../nios2-elf/lib/mno-hw-mul/libc.a(fwalk.o)
 .comment       0x00000318       0x2c /cygdrive/d/altera/91/nios2eds/bin/nios2-gnutools/H-i686-pc-cygwin/bin/../lib/gcc/nios2-elf/3.4.6/../../../../nios2-elf/lib/mno-hw-mul/libc.a(impure.o)
 .comment       0x00000344       0x2c /cygdrive/d/altera/91/nios2eds/bin/nios2-gnutools/H-i686-pc-cygwin/bin/../lib/gcc/nios2-elf/3.4.6/../../../../nios2-elf/lib/mno-hw-mul/libc.a(int_errno.o)
 .comment       0x00000370       0x2c /cygdrive/d/altera/91/nios2eds/bin/nios2-gnutools/H-i686-pc-cygwin/bin/../lib/gcc/nios2-elf/3.4.6/../../../../nios2-elf/lib/mno-hw-mul/libc.a(locale.o)
 .comment       0x0000039c       0x2c /cygdrive/d/altera/91/nios2eds/bin/nios2-gnutools/H-i686-pc-cygwin/bin/../lib/gcc/nios2-elf/3.4.6/../../../../nios2-elf/lib/mno-hw-mul/libc.a(makebuf.o)
 .comment       0x000003c8       0x2c /cygdrive/d/altera/91/nios2eds/bin/nios2-gnutools/H-i686-pc-cygwin/bin/../lib/gcc/nios2-elf/3.4.6/../../../../nios2-elf/lib/mno-hw-mul/libc.a(memchr.o)
 .comment       0x000003f4       0x2c /cygdrive/d/altera/91/nios2eds/bin/nios2-gnutools/H-i686-pc-cygwin/bin/../lib/gcc/nios2-elf/3.4.6/../../../../nios2-elf/lib/mno-hw-mul/libc.a(memcpy.o)
 .comment       0x00000420       0x2c /cygdrive/d/altera/91/nios2eds/bin/nios2-gnutools/H-i686-pc-cygwin/bin/../lib/gcc/nios2-elf/3.4.6/../../../../nios2-elf/lib/mno-hw-mul/libc.a(memmove.o)
 .comment       0x0000044c       0x2c /cygdrive/d/altera/91/nios2eds/bin/nios2-gnutools/H-i686-pc-cygwin/bin/../lib/gcc/nios2-elf/3.4.6/../../../../nios2-elf/lib/mno-hw-mul/libc.a(memset.o)
 .comment       0x00000478       0x2c /cygdrive/d/altera/91/nios2eds/bin/nios2-gnutools/H-i686-pc-cygwin/bin/../lib/gcc/nios2-elf/3.4.6/../../../../nios2-elf/lib/mno-hw-mul/libc.a(mprec.o)
 .comment       0x000004a4       0x2c /cygdrive/d/altera/91/nios2eds/bin/nios2-gnutools/H-i686-pc-cygwin/bin/../lib/gcc/nios2-elf/3.4.6/../../../../nios2-elf/lib/mno-hw-mul/libc.a(reallocr.o)
 .comment       0x000004d0       0x2c /cygdrive/d/altera/91/nios2eds/bin/nios2-gnutools/H-i686-pc-cygwin/bin/../lib/gcc/nios2-elf/3.4.6/../../../../nios2-elf/lib/mno-hw-mul/libc.a(s_isinf.o)
 .comment       0x000004fc       0x2c /cygdrive/d/altera/91/nios2eds/bin/nios2-gnutools/H-i686-pc-cygwin/bin/../lib/gcc/nios2-elf/3.4.6/../../../../nios2-elf/lib/mno-hw-mul/libc.a(s_isnan.o)
 .comment       0x00000528       0x2c /cygdrive/d/altera/91/nios2eds/bin/nios2-gnutools/H-i686-pc-cygwin/bin/../lib/gcc/nios2-elf/3.4.6/../../../../nios2-elf/lib/mno-hw-mul/libc.a(stdio.o)
 .comment       0x00000554       0x2c /cygdrive/d/altera/91/nios2eds/bin/nios2-gnutools/H-i686-pc-cygwin/bin/../lib/gcc/nios2-elf/3.4.6/../../../../nios2-elf/lib/mno-hw-mul/libc.a(strcmp.o)
 .comment       0x00000580       0x2c /cygdrive/d/altera/91/nios2eds/bin/nios2-gnutools/H-i686-pc-cygwin/bin/../lib/gcc/nios2-elf/3.4.6/../../../../nios2-elf/lib/mno-hw-mul/libc.a(strlen.o)
 .comment       0x000005ac       0x2c /cygdrive/d/altera/91/nios2eds/bin/nios2-gnutools/H-i686-pc-cygwin/bin/../lib/gcc/nios2-elf/3.4.6/../../../../nios2-elf/lib/mno-hw-mul/libc.a(writer.o)
 .comment       0x000005d8       0x2c /cygdrive/d/altera/91/nios2eds/bin/nios2-gnutools/H-i686-pc-cygwin/bin/../lib/gcc/nios2-elf/3.4.6/../../../../nios2-elf/lib/mno-hw-mul/libc.a(callocr.o)
 .comment       0x00000604       0x2c /cygdrive/d/altera/91/nios2eds/bin/nios2-gnutools/H-i686-pc-cygwin/bin/../lib/gcc/nios2-elf/3.4.6/../../../../nios2-elf/lib/mno-hw-mul/libc.a(closer.o)
 .comment       0x00000630       0x2c /cygdrive/d/altera/91/nios2eds/bin/nios2-gnutools/H-i686-pc-cygwin/bin/../lib/gcc/nios2-elf/3.4.6/../../../../nios2-elf/lib/mno-hw-mul/libc.a(fstatr.o)
 .comment       0x0000065c       0x2c /cygdrive/d/altera/91/nios2eds/bin/nios2-gnutools/H-i686-pc-cygwin/bin/../lib/gcc/nios2-elf/3.4.6/../../../../nios2-elf/lib/mno-hw-mul/libc.a(lseekr.o)
 .comment       0x00000688       0x2c /cygdrive/d/altera/91/nios2eds/bin/nios2-gnutools/H-i686-pc-cygwin/bin/../lib/gcc/nios2-elf/3.4.6/../../../../nios2-elf/lib/mno-hw-mul/libc.a(readr.o)
 .comment       0x000006b4       0x2c /cygdrive/d/altera/91/nios2eds/bin/nios2-gnutools/H-i686-pc-cygwin/bin/../lib/gcc/nios2-elf/3.4.6/mno-hw-mul/libgcc.a(_negdi2.o)
 .comment       0x000006e0       0x2c /cygdrive/d/altera/91/nios2eds/bin/nios2-gnutools/H-i686-pc-cygwin/bin/../lib/gcc/nios2-elf/3.4.6/mno-hw-mul/libgcc.a(_udivdi3.o)
 .comment       0x0000070c       0x2c /cygdrive/d/altera/91/nios2eds/bin/nios2-gnutools/H-i686-pc-cygwin/bin/../lib/gcc/nios2-elf/3.4.6/mno-hw-mul/libgcc.a(_umoddi3.o)
 .comment       0x00000738       0x2c /cygdrive/d/altera/91/nios2eds/bin/nios2-gnutools/H-i686-pc-cygwin/bin/../lib/gcc/nios2-elf/3.4.6/mno-hw-mul/libgcc.a(_addsub_df.o)
 .comment       0x00000764       0x2c /cygdrive/d/altera/91/nios2eds/bin/nios2-gnutools/H-i686-pc-cygwin/bin/../lib/gcc/nios2-elf/3.4.6/mno-hw-mul/libgcc.a(_mul_df.o)
 .comment       0x00000790       0x2c /cygdrive/d/altera/91/nios2eds/bin/nios2-gnutools/H-i686-pc-cygwin/bin/../lib/gcc/nios2-elf/3.4.6/mno-hw-mul/libgcc.a(_div_df.o)
 .comment       0x000007bc       0x2c /cygdrive/d/altera/91/nios2eds/bin/nios2-gnutools/H-i686-pc-cygwin/bin/../lib/gcc/nios2-elf/3.4.6/mno-hw-mul/libgcc.a(_eq_df.o)
 .comment       0x000007e8       0x2c /cygdrive/d/altera/91/nios2eds/bin/nios2-gnutools/H-i686-pc-cygwin/bin/../lib/gcc/nios2-elf/3.4.6/mno-hw-mul/libgcc.a(_ne_df.o)
 .comment       0x00000814       0x2c /cygdrive/d/altera/91/nios2eds/bin/nios2-gnutools/H-i686-pc-cygwin/bin/../lib/gcc/nios2-elf/3.4.6/mno-hw-mul/libgcc.a(_gt_df.o)
 .comment       0x00000840       0x2c /cygdrive/d/altera/91/nios2eds/bin/nios2-gnutools/H-i686-pc-cygwin/bin/../lib/gcc/nios2-elf/3.4.6/mno-hw-mul/libgcc.a(_ge_df.o)
 .comment       0x0000086c       0x2c /cygdrive/d/altera/91/nios2eds/bin/nios2-gnutools/H-i686-pc-cygwin/bin/../lib/gcc/nios2-elf/3.4.6/mno-hw-mul/libgcc.a(_lt_df.o)
 .comment       0x00000898       0x2c /cygdrive/d/altera/91/nios2eds/bin/nios2-gnutools/H-i686-pc-cygwin/bin/../lib/gcc/nios2-elf/3.4.6/mno-hw-mul/libgcc.a(_si_to_df.o)
 .comment       0x000008c4       0x2c /cygdrive/d/altera/91/nios2eds/bin/nios2-gnutools/H-i686-pc-cygwin/bin/../lib/gcc/nios2-elf/3.4.6/mno-hw-mul/libgcc.a(_df_to_si.o)
 .comment       0x000008f0       0x2c /cygdrive/d/altera/91/nios2eds/bin/nios2-gnutools/H-i686-pc-cygwin/bin/../lib/gcc/nios2-elf/3.4.6/mno-hw-mul/libgcc.a(_thenan_df.o)
 .comment       0x0000091c       0x2c /cygdrive/d/altera/91/nios2eds/bin/nios2-gnutools/H-i686-pc-cygwin/bin/../lib/gcc/nios2-elf/3.4.6/mno-hw-mul/libgcc.a(_muldi3.o)
 .comment       0x00000948       0x2c /cygdrive/d/altera/91/nios2eds/bin/nios2-gnutools/H-i686-pc-cygwin/bin/../lib/gcc/nios2-elf/3.4.6/mno-hw-mul/libgcc.a(_lshrdi3.o)
 .comment       0x00000974       0x2c /cygdrive/d/altera/91/nios2eds/bin/nios2-gnutools/H-i686-pc-cygwin/bin/../lib/gcc/nios2-elf/3.4.6/mno-hw-mul/libgcc.a(_clz.o)
 .comment       0x000009a0       0x2c /cygdrive/d/altera/91/nios2eds/bin/nios2-gnutools/H-i686-pc-cygwin/bin/../lib/gcc/nios2-elf/3.4.6/mno-hw-mul/libgcc.a(_pack_df.o)
 .comment       0x000009cc       0x2c /cygdrive/d/altera/91/nios2eds/bin/nios2-gnutools/H-i686-pc-cygwin/bin/../lib/gcc/nios2-elf/3.4.6/mno-hw-mul/libgcc.a(_unpack_df.o)
 .comment       0x000009f8       0x2c /cygdrive/d/altera/91/nios2eds/bin/nios2-gnutools/H-i686-pc-cygwin/bin/../lib/gcc/nios2-elf/3.4.6/mno-hw-mul/libgcc.a(_fpcmp_parts_df.o)
 .comment       0x00000a24       0x2c /cygdrive/d/altera/91/nios2eds/bin/nios2-gnutools/H-i686-pc-cygwin/bin/../lib/gcc/nios2-elf/3.4.6/mno-hw-mul/libgcc.a(_ashldi3.o)
 .comment       0x00000a50       0x2c ../Audio_bsp/libhal_bsp.a(alt_close.o)
 .comment       0x00000a7c       0x2c ../Audio_bsp/libhal_bsp.a(alt_dev.o)
 .comment       0x00000aa8       0x2c ../Audio_bsp/libhal_bsp.a(alt_errno.o)
 .comment       0x00000ad4       0x2c ../Audio_bsp/libhal_bsp.a(alt_fstat.o)
 .comment       0x00000b00       0x2c ../Audio_bsp/libhal_bsp.a(alt_isatty.o)
 .comment       0x00000b2c       0x2c ../Audio_bsp/libhal_bsp.a(alt_load.o)
 .comment       0x00000b58       0x2c ../Audio_bsp/libhal_bsp.a(alt_lseek.o)
 .comment       0x00000b84       0x2c ../Audio_bsp/libhal_bsp.a(alt_main.o)
 .comment       0x00000bb0       0x2c ../Audio_bsp/libhal_bsp.a(alt_malloc_lock.o)
 .comment       0x00000bdc       0x2c ../Audio_bsp/libhal_bsp.a(alt_read.o)
 .comment       0x00000c08       0x2c ../Audio_bsp/libhal_bsp.a(alt_release_fd.o)
 .comment       0x00000c34       0x2c ../Audio_bsp/libhal_bsp.a(alt_sbrk.o)
 .comment       0x00000c60       0x2c ../Audio_bsp/libhal_bsp.a(alt_write.o)
 .comment       0x00000c8c       0x2c ../Audio_bsp/libhal_bsp.a(alt_sys_init.o)
 .comment       0x00000cb8       0x2c ../Audio_bsp/libhal_bsp.a(altera_avalon_jtag_uart_fd.o)
 .comment       0x00000ce4       0x2c ../Audio_bsp/libhal_bsp.a(altera_avalon_jtag_uart_init.o)
 .comment       0x00000d10       0x2c ../Audio_bsp/libhal_bsp.a(altera_avalon_jtag_uart_ioctl.o)
 .comment       0x00000d3c       0x2c ../Audio_bsp/libhal_bsp.a(altera_avalon_jtag_uart_read.o)
 .comment       0x00000d68       0x2c ../Audio_bsp/libhal_bsp.a(altera_avalon_jtag_uart_write.o)
 .comment       0x00000d94       0x2c ../Audio_bsp/libhal_bsp.a(altera_up_avalon_audio.o)
 .comment       0x00000dc0       0x2c ../Audio_bsp/libhal_bsp.a(altera_up_sd_card_avalon_interface.o)
 .comment       0x00000dec       0x2c ../Audio_bsp/libhal_bsp.a(alt_alarm_start.o)
 .comment       0x00000e18       0x2c ../Audio_bsp/libhal_bsp.a(alt_dcache_flush_all.o)
 .comment       0x00000e44       0x2c ../Audio_bsp/libhal_bsp.a(alt_dev_llist_insert.o)
 .comment       0x00000e70       0x2c ../Audio_bsp/libhal_bsp.a(alt_do_ctors.o)
 .comment       0x00000e9c       0x2c ../Audio_bsp/libhal_bsp.a(alt_do_dtors.o)
 .comment       0x00000ec8       0x2c ../Audio_bsp/libhal_bsp.a(alt_find_dev.o)
 .comment       0x00000ef4       0x2c ../Audio_bsp/libhal_bsp.a(alt_icache_flush_all.o)
 .comment       0x00000f20       0x2c ../Audio_bsp/libhal_bsp.a(alt_io_redirect.o)
 .comment       0x00000f4c       0x2c ../Audio_bsp/libhal_bsp.a(alt_irq_register.o)
 .comment       0x00000f78       0x2c ../Audio_bsp/libhal_bsp.a(alt_irq_vars.o)
 .comment       0x00000fa4       0x2c ../Audio_bsp/libhal_bsp.a(alt_open.o)
 .comment       0x00000fd0       0x2c ../Audio_bsp/libhal_bsp.a(alt_tick.o)
 .comment       0x00000ffc       0x2c ../Audio_bsp/libhal_bsp.a(altera_nios2_irq.o)
 .comment       0x00001028       0x2c ../Audio_bsp/libhal_bsp.a(alt_find_file.o)
 .comment       0x00001054       0x2c ../Audio_bsp/libhal_bsp.a(alt_get_fd.o)
 .comment       0x00001080       0x2c ../Audio_bsp/libhal_bsp.a(alt_irq_handler.o)
 .comment       0x000010ac       0x2c /cygdrive/d/altera/91/nios2eds/bin/nios2-gnutools/H-i686-pc-cygwin/bin/../lib/gcc/nios2-elf/3.4.6/../../../../nios2-elf/lib/mno-hw-mul/libc.a(atexit.o)
 .comment       0x000010d8       0x2c /cygdrive/d/altera/91/nios2eds/bin/nios2-gnutools/H-i686-pc-cygwin/bin/../lib/gcc/nios2-elf/3.4.6/../../../../nios2-elf/lib/mno-hw-mul/libc.a(exit.o)
 .comment       0x00001104       0x2c /cygdrive/d/altera/91/nios2eds/bin/nios2-gnutools/H-i686-pc-cygwin/bin/../lib/gcc/nios2-elf/3.4.6/../../../../nios2-elf/lib/mno-hw-mul/libc.a(memcmp.o)
 .comment       0x00001130       0x2c ../Audio_bsp/libhal_bsp.a(alt_exit.o)

.debug
 *(.debug)

.line
 *(.line)

.debug_srcinfo
 *(.debug_srcinfo)

.debug_sfnames
 *(.debug_sfnames)

.debug_aranges  0x00000000      0xc78
 *(.debug_aranges)
 .debug_aranges
                0x00000000       0x28 ../Audio_bsp/obj/HAL/src/crt0.o
 .debug_aranges
                0x00000028       0x20 obj/hello_world.o
 .debug_aranges
                0x00000048       0x20 /cygdrive/d/altera/91/nios2eds/bin/nios2-gnutools/H-i686-pc-cygwin/bin/../lib/gcc/nios2-elf/3.4.6/mno-hw-mul/libgcc.a(lib2-divmod.o)
 .debug_aranges
                0x00000068       0x20 /cygdrive/d/altera/91/nios2eds/bin/nios2-gnutools/H-i686-pc-cygwin/bin/../lib/gcc/nios2-elf/3.4.6/mno-hw-mul/libgcc.a(lib2-mul.o)
 .debug_aranges
                0x00000088       0x20 /cygdrive/d/altera/91/nios2eds/bin/nios2-gnutools/H-i686-pc-cygwin/bin/../lib/gcc/nios2-elf/3.4.6/../../../../nios2-elf/lib/mno-hw-mul/libc.a(malloc.o)
 .debug_aranges
                0x000000a8       0x20 /cygdrive/d/altera/91/nios2eds/bin/nios2-gnutools/H-i686-pc-cygwin/bin/../lib/gcc/nios2-elf/3.4.6/../../../../nios2-elf/lib/mno-hw-mul/libc.a(mallocr.o)
 .debug_aranges
                0x000000c8       0x20 /cygdrive/d/altera/91/nios2eds/bin/nios2-gnutools/H-i686-pc-cygwin/bin/../lib/gcc/nios2-elf/3.4.6/../../../../nios2-elf/lib/mno-hw-mul/libc.a(printf.o)
 .debug_aranges
                0x000000e8       0x20 /cygdrive/d/altera/91/nios2eds/bin/nios2-gnutools/H-i686-pc-cygwin/bin/../lib/gcc/nios2-elf/3.4.6/../../../../nios2-elf/lib/mno-hw-mul/libc.a(sbrkr.o)
 .debug_aranges
                0x00000108       0x20 /cygdrive/d/altera/91/nios2eds/bin/nios2-gnutools/H-i686-pc-cygwin/bin/../lib/gcc/nios2-elf/3.4.6/../../../../nios2-elf/lib/mno-hw-mul/libc.a(vfprintf1.o)
 .debug_aranges
                0x00000128       0x20 /cygdrive/d/altera/91/nios2eds/bin/nios2-gnutools/H-i686-pc-cygwin/bin/../lib/gcc/nios2-elf/3.4.6/../../../../nios2-elf/lib/mno-hw-mul/libc.a(wcrtomb.o)
 .debug_aranges
                0x00000148       0x20 /cygdrive/d/altera/91/nios2eds/bin/nios2-gnutools/H-i686-pc-cygwin/bin/../lib/gcc/nios2-elf/3.4.6/../../../../nios2-elf/lib/mno-hw-mul/libc.a(wcsrtombs.o)
 .debug_aranges
                0x00000168       0x20 /cygdrive/d/altera/91/nios2eds/bin/nios2-gnutools/H-i686-pc-cygwin/bin/../lib/gcc/nios2-elf/3.4.6/../../../../nios2-elf/lib/mno-hw-mul/libc.a(wctomb_r.o)
 .debug_aranges
                0x00000188       0x20 /cygdrive/d/altera/91/nios2eds/bin/nios2-gnutools/H-i686-pc-cygwin/bin/../lib/gcc/nios2-elf/3.4.6/../../../../nios2-elf/lib/mno-hw-mul/libc.a(wsetup.o)
 .debug_aranges
                0x000001a8       0x20 /cygdrive/d/altera/91/nios2eds/bin/nios2-gnutools/H-i686-pc-cygwin/bin/../lib/gcc/nios2-elf/3.4.6/../../../../nios2-elf/lib/mno-hw-mul/libc.a(dtoa.o)
 .debug_aranges
                0x000001c8       0x20 /cygdrive/d/altera/91/nios2eds/bin/nios2-gnutools/H-i686-pc-cygwin/bin/../lib/gcc/nios2-elf/3.4.6/../../../../nios2-elf/lib/mno-hw-mul/libc.a(fflush.o)
 .debug_aranges
                0x000001e8       0x20 /cygdrive/d/altera/91/nios2eds/bin/nios2-gnutools/H-i686-pc-cygwin/bin/../lib/gcc/nios2-elf/3.4.6/../../../../nios2-elf/lib/mno-hw-mul/libc.a(findfp.o)
 .debug_aranges
                0x00000208       0x20 /cygdrive/d/altera/91/nios2eds/bin/nios2-gnutools/H-i686-pc-cygwin/bin/../lib/gcc/nios2-elf/3.4.6/../../../../nios2-elf/lib/mno-hw-mul/libc.a(freer.o)
 .debug_aranges
                0x00000228       0x20 /cygdrive/d/altera/91/nios2eds/bin/nios2-gnutools/H-i686-pc-cygwin/bin/../lib/gcc/nios2-elf/3.4.6/../../../../nios2-elf/lib/mno-hw-mul/libc.a(fvwrite.o)
 .debug_aranges
                0x00000248       0x20 /cygdrive/d/altera/91/nios2eds/bin/nios2-gnutools/H-i686-pc-cygwin/bin/../lib/gcc/nios2-elf/3.4.6/../../../../nios2-elf/lib/mno-hw-mul/libc.a(fwalk.o)
 .debug_aranges
                0x00000268       0x20 /cygdrive/d/altera/91/nios2eds/bin/nios2-gnutools/H-i686-pc-cygwin/bin/../lib/gcc/nios2-elf/3.4.6/../../../../nios2-elf/lib/mno-hw-mul/libc.a(locale.o)
 .debug_aranges
                0x00000288       0x20 /cygdrive/d/altera/91/nios2eds/bin/nios2-gnutools/H-i686-pc-cygwin/bin/../lib/gcc/nios2-elf/3.4.6/../../../../nios2-elf/lib/mno-hw-mul/libc.a(makebuf.o)
 .debug_aranges
                0x000002a8       0x20 /cygdrive/d/altera/91/nios2eds/bin/nios2-gnutools/H-i686-pc-cygwin/bin/../lib/gcc/nios2-elf/3.4.6/../../../../nios2-elf/lib/mno-hw-mul/libc.a(memchr.o)
 .debug_aranges
                0x000002c8       0x20 /cygdrive/d/altera/91/nios2eds/bin/nios2-gnutools/H-i686-pc-cygwin/bin/../lib/gcc/nios2-elf/3.4.6/../../../../nios2-elf/lib/mno-hw-mul/libc.a(memcpy.o)
 .debug_aranges
                0x000002e8       0x20 /cygdrive/d/altera/91/nios2eds/bin/nios2-gnutools/H-i686-pc-cygwin/bin/../lib/gcc/nios2-elf/3.4.6/../../../../nios2-elf/lib/mno-hw-mul/libc.a(memmove.o)
 .debug_aranges
                0x00000308       0x20 /cygdrive/d/altera/91/nios2eds/bin/nios2-gnutools/H-i686-pc-cygwin/bin/../lib/gcc/nios2-elf/3.4.6/../../../../nios2-elf/lib/mno-hw-mul/libc.a(memset.o)
 .debug_aranges
                0x00000328       0x20 /cygdrive/d/altera/91/nios2eds/bin/nios2-gnutools/H-i686-pc-cygwin/bin/../lib/gcc/nios2-elf/3.4.6/../../../../nios2-elf/lib/mno-hw-mul/libc.a(mprec.o)
 .debug_aranges
                0x00000348       0x20 /cygdrive/d/altera/91/nios2eds/bin/nios2-gnutools/H-i686-pc-cygwin/bin/../lib/gcc/nios2-elf/3.4.6/../../../../nios2-elf/lib/mno-hw-mul/libc.a(reallocr.o)
 .debug_aranges
                0x00000368       0x20 /cygdrive/d/altera/91/nios2eds/bin/nios2-gnutools/H-i686-pc-cygwin/bin/../lib/gcc/nios2-elf/3.4.6/../../../../nios2-elf/lib/mno-hw-mul/libc.a(s_isinf.o)
 .debug_aranges
                0x00000388       0x20 /cygdrive/d/altera/91/nios2eds/bin/nios2-gnutools/H-i686-pc-cygwin/bin/../lib/gcc/nios2-elf/3.4.6/../../../../nios2-elf/lib/mno-hw-mul/libc.a(s_isnan.o)
 .debug_aranges
                0x000003a8       0x20 /cygdrive/d/altera/91/nios2eds/bin/nios2-gnutools/H-i686-pc-cygwin/bin/../lib/gcc/nios2-elf/3.4.6/../../../../nios2-elf/lib/mno-hw-mul/libc.a(stdio.o)
 .debug_aranges
                0x000003c8       0x20 /cygdrive/d/altera/91/nios2eds/bin/nios2-gnutools/H-i686-pc-cygwin/bin/../lib/gcc/nios2-elf/3.4.6/../../../../nios2-elf/lib/mno-hw-mul/libc.a(strcmp.o)
 .debug_aranges
                0x000003e8       0x20 /cygdrive/d/altera/91/nios2eds/bin/nios2-gnutools/H-i686-pc-cygwin/bin/../lib/gcc/nios2-elf/3.4.6/../../../../nios2-elf/lib/mno-hw-mul/libc.a(strlen.o)
 .debug_aranges
                0x00000408       0x20 /cygdrive/d/altera/91/nios2eds/bin/nios2-gnutools/H-i686-pc-cygwin/bin/../lib/gcc/nios2-elf/3.4.6/../../../../nios2-elf/lib/mno-hw-mul/libc.a(writer.o)
 .debug_aranges
                0x00000428       0x20 /cygdrive/d/altera/91/nios2eds/bin/nios2-gnutools/H-i686-pc-cygwin/bin/../lib/gcc/nios2-elf/3.4.6/../../../../nios2-elf/lib/mno-hw-mul/libc.a(callocr.o)
 .debug_aranges
                0x00000448       0x20 /cygdrive/d/altera/91/nios2eds/bin/nios2-gnutools/H-i686-pc-cygwin/bin/../lib/gcc/nios2-elf/3.4.6/../../../../nios2-elf/lib/mno-hw-mul/libc.a(closer.o)
 .debug_aranges
                0x00000468       0x20 /cygdrive/d/altera/91/nios2eds/bin/nios2-gnutools/H-i686-pc-cygwin/bin/../lib/gcc/nios2-elf/3.4.6/../../../../nios2-elf/lib/mno-hw-mul/libc.a(fstatr.o)
 .debug_aranges
                0x00000488       0x20 /cygdrive/d/altera/91/nios2eds/bin/nios2-gnutools/H-i686-pc-cygwin/bin/../lib/gcc/nios2-elf/3.4.6/../../../../nios2-elf/lib/mno-hw-mul/libc.a(lseekr.o)
 .debug_aranges
                0x000004a8       0x20 /cygdrive/d/altera/91/nios2eds/bin/nios2-gnutools/H-i686-pc-cygwin/bin/../lib/gcc/nios2-elf/3.4.6/../../../../nios2-elf/lib/mno-hw-mul/libc.a(readr.o)
 .debug_aranges
                0x000004c8       0x20 /cygdrive/d/altera/91/nios2eds/bin/nios2-gnutools/H-i686-pc-cygwin/bin/../lib/gcc/nios2-elf/3.4.6/mno-hw-mul/libgcc.a(_negdi2.o)
 .debug_aranges
                0x000004e8       0x20 /cygdrive/d/altera/91/nios2eds/bin/nios2-gnutools/H-i686-pc-cygwin/bin/../lib/gcc/nios2-elf/3.4.6/mno-hw-mul/libgcc.a(_udivdi3.o)
 .debug_aranges
                0x00000508       0x20 /cygdrive/d/altera/91/nios2eds/bin/nios2-gnutools/H-i686-pc-cygwin/bin/../lib/gcc/nios2-elf/3.4.6/mno-hw-mul/libgcc.a(_umoddi3.o)
 .debug_aranges
                0x00000528       0x20 /cygdrive/d/altera/91/nios2eds/bin/nios2-gnutools/H-i686-pc-cygwin/bin/../lib/gcc/nios2-elf/3.4.6/mno-hw-mul/libgcc.a(_addsub_df.o)
 .debug_aranges
                0x00000548       0x20 /cygdrive/d/altera/91/nios2eds/bin/nios2-gnutools/H-i686-pc-cygwin/bin/../lib/gcc/nios2-elf/3.4.6/mno-hw-mul/libgcc.a(_mul_df.o)
 .debug_aranges
                0x00000568       0x20 /cygdrive/d/altera/91/nios2eds/bin/nios2-gnutools/H-i686-pc-cygwin/bin/../lib/gcc/nios2-elf/3.4.6/mno-hw-mul/libgcc.a(_div_df.o)
 .debug_aranges
                0x00000588       0x20 /cygdrive/d/altera/91/nios2eds/bin/nios2-gnutools/H-i686-pc-cygwin/bin/../lib/gcc/nios2-elf/3.4.6/mno-hw-mul/libgcc.a(_eq_df.o)
 .debug_aranges
                0x000005a8       0x20 /cygdrive/d/altera/91/nios2eds/bin/nios2-gnutools/H-i686-pc-cygwin/bin/../lib/gcc/nios2-elf/3.4.6/mno-hw-mul/libgcc.a(_ne_df.o)
 .debug_aranges
                0x000005c8       0x20 /cygdrive/d/altera/91/nios2eds/bin/nios2-gnutools/H-i686-pc-cygwin/bin/../lib/gcc/nios2-elf/3.4.6/mno-hw-mul/libgcc.a(_gt_df.o)
 .debug_aranges
                0x000005e8       0x20 /cygdrive/d/altera/91/nios2eds/bin/nios2-gnutools/H-i686-pc-cygwin/bin/../lib/gcc/nios2-elf/3.4.6/mno-hw-mul/libgcc.a(_ge_df.o)
 .debug_aranges
                0x00000608       0x20 /cygdrive/d/altera/91/nios2eds/bin/nios2-gnutools/H-i686-pc-cygwin/bin/../lib/gcc/nios2-elf/3.4.6/mno-hw-mul/libgcc.a(_lt_df.o)
 .debug_aranges
                0x00000628       0x20 /cygdrive/d/altera/91/nios2eds/bin/nios2-gnutools/H-i686-pc-cygwin/bin/../lib/gcc/nios2-elf/3.4.6/mno-hw-mul/libgcc.a(_si_to_df.o)
 .debug_aranges
                0x00000648       0x20 /cygdrive/d/altera/91/nios2eds/bin/nios2-gnutools/H-i686-pc-cygwin/bin/../lib/gcc/nios2-elf/3.4.6/mno-hw-mul/libgcc.a(_df_to_si.o)
 .debug_aranges
                0x00000668       0x20 /cygdrive/d/altera/91/nios2eds/bin/nios2-gnutools/H-i686-pc-cygwin/bin/../lib/gcc/nios2-elf/3.4.6/mno-hw-mul/libgcc.a(_muldi3.o)
 .debug_aranges
                0x00000688       0x20 /cygdrive/d/altera/91/nios2eds/bin/nios2-gnutools/H-i686-pc-cygwin/bin/../lib/gcc/nios2-elf/3.4.6/mno-hw-mul/libgcc.a(_lshrdi3.o)
 .debug_aranges
                0x000006a8       0x20 /cygdrive/d/altera/91/nios2eds/bin/nios2-gnutools/H-i686-pc-cygwin/bin/../lib/gcc/nios2-elf/3.4.6/mno-hw-mul/libgcc.a(_pack_df.o)
 .debug_aranges
                0x000006c8       0x20 /cygdrive/d/altera/91/nios2eds/bin/nios2-gnutools/H-i686-pc-cygwin/bin/../lib/gcc/nios2-elf/3.4.6/mno-hw-mul/libgcc.a(_unpack_df.o)
 .debug_aranges
                0x000006e8       0x20 /cygdrive/d/altera/91/nios2eds/bin/nios2-gnutools/H-i686-pc-cygwin/bin/../lib/gcc/nios2-elf/3.4.6/mno-hw-mul/libgcc.a(_fpcmp_parts_df.o)
 .debug_aranges
                0x00000708       0x20 /cygdrive/d/altera/91/nios2eds/bin/nios2-gnutools/H-i686-pc-cygwin/bin/../lib/gcc/nios2-elf/3.4.6/mno-hw-mul/libgcc.a(_ashldi3.o)
 .debug_aranges
                0x00000728       0x20 ../Audio_bsp/libhal_bsp.a(alt_close.o)
 .debug_aranges
                0x00000748       0x20 ../Audio_bsp/libhal_bsp.a(alt_dev.o)
 .debug_aranges
                0x00000768       0x20 ../Audio_bsp/libhal_bsp.a(alt_fstat.o)
 .debug_aranges
                0x00000788       0x20 ../Audio_bsp/libhal_bsp.a(alt_isatty.o)
 .debug_aranges
                0x000007a8       0x20 ../Audio_bsp/libhal_bsp.a(alt_load.o)
 .debug_aranges
                0x000007c8       0x20 ../Audio_bsp/libhal_bsp.a(alt_lseek.o)
 .debug_aranges
                0x000007e8       0x20 ../Audio_bsp/libhal_bsp.a(alt_main.o)
 .debug_aranges
                0x00000808       0x20 ../Audio_bsp/libhal_bsp.a(alt_malloc_lock.o)
 .debug_aranges
                0x00000828       0x20 ../Audio_bsp/libhal_bsp.a(alt_read.o)
 .debug_aranges
                0x00000848       0x20 ../Audio_bsp/libhal_bsp.a(alt_release_fd.o)
 .debug_aranges
                0x00000868       0x20 ../Audio_bsp/libhal_bsp.a(alt_sbrk.o)
 .debug_aranges
                0x00000888       0x20 ../Audio_bsp/libhal_bsp.a(alt_write.o)
 .debug_aranges
                0x000008a8       0x20 ../Audio_bsp/libhal_bsp.a(alt_sys_init.o)
 .debug_aranges
                0x000008c8       0x20 ../Audio_bsp/libhal_bsp.a(altera_avalon_jtag_uart_fd.o)
 .debug_aranges
                0x000008e8       0x20 ../Audio_bsp/libhal_bsp.a(altera_avalon_jtag_uart_init.o)
 .debug_aranges
                0x00000908       0x20 ../Audio_bsp/libhal_bsp.a(altera_avalon_jtag_uart_ioctl.o)
 .debug_aranges
                0x00000928       0x20 ../Audio_bsp/libhal_bsp.a(altera_avalon_jtag_uart_read.o)
 .debug_aranges
                0x00000948       0x20 ../Audio_bsp/libhal_bsp.a(altera_avalon_jtag_uart_write.o)
 .debug_aranges
                0x00000968       0x20 ../Audio_bsp/libhal_bsp.a(altera_up_avalon_audio.o)
 .debug_aranges
                0x00000988       0x20 ../Audio_bsp/libhal_bsp.a(altera_up_sd_card_avalon_interface.o)
 .debug_aranges
                0x000009a8       0x20 ../Audio_bsp/libhal_bsp.a(alt_alarm_start.o)
 .debug_aranges
                0x000009c8       0x20 ../Audio_bsp/libhal_bsp.a(alt_dcache_flush_all.o)
 .debug_aranges
                0x000009e8       0x20 ../Audio_bsp/libhal_bsp.a(alt_dev_llist_insert.o)
 .debug_aranges
                0x00000a08       0x20 ../Audio_bsp/libhal_bsp.a(alt_do_ctors.o)
 .debug_aranges
                0x00000a28       0x20 ../Audio_bsp/libhal_bsp.a(alt_do_dtors.o)
 .debug_aranges
                0x00000a48       0x20 ../Audio_bsp/libhal_bsp.a(alt_find_dev.o)
 .debug_aranges
                0x00000a68       0x20 ../Audio_bsp/libhal_bsp.a(alt_icache_flush_all.o)
 .debug_aranges
                0x00000a88       0x20 ../Audio_bsp/libhal_bsp.a(alt_io_redirect.o)
 .debug_aranges
                0x00000aa8       0x20 ../Audio_bsp/libhal_bsp.a(alt_irq_register.o)
 .debug_aranges
                0x00000ac8       0x20 ../Audio_bsp/libhal_bsp.a(alt_open.o)
 .debug_aranges
                0x00000ae8       0x20 ../Audio_bsp/libhal_bsp.a(alt_tick.o)
 .debug_aranges
                0x00000b08       0x20 ../Audio_bsp/libhal_bsp.a(altera_nios2_irq.o)
 .debug_aranges
                0x00000b28       0x20 ../Audio_bsp/libhal_bsp.a(alt_find_file.o)
 .debug_aranges
                0x00000b48       0x20 ../Audio_bsp/libhal_bsp.a(alt_get_fd.o)
 .debug_aranges
                0x00000b68       0x30 ../Audio_bsp/libhal_bsp.a(alt_irq_entry.o)
 .debug_aranges
                0x00000b98       0x28 ../Audio_bsp/libhal_bsp.a(alt_irq_handler.o)
 .debug_aranges
                0x00000bc0       0x38 ../Audio_bsp/libhal_bsp.a(alt_exception_entry.o)
 .debug_aranges
                0x00000bf8       0x20 /cygdrive/d/altera/91/nios2eds/bin/nios2-gnutools/H-i686-pc-cygwin/bin/../lib/gcc/nios2-elf/3.4.6/../../../../nios2-elf/lib/mno-hw-mul/libc.a(atexit.o)
 .debug_aranges
                0x00000c18       0x20 /cygdrive/d/altera/91/nios2eds/bin/nios2-gnutools/H-i686-pc-cygwin/bin/../lib/gcc/nios2-elf/3.4.6/../../../../nios2-elf/lib/mno-hw-mul/libc.a(exit.o)
 .debug_aranges
                0x00000c38       0x20 /cygdrive/d/altera/91/nios2eds/bin/nios2-gnutools/H-i686-pc-cygwin/bin/../lib/gcc/nios2-elf/3.4.6/../../../../nios2-elf/lib/mno-hw-mul/libc.a(memcmp.o)
 .debug_aranges
                0x00000c58       0x20 ../Audio_bsp/libhal_bsp.a(alt_exit.o)

.debug_pubnames
                0x00000000     0x19ea
 *(.debug_pubnames)
 .debug_pubnames
                0x00000000       0xc6 obj/hello_world.o
 .debug_pubnames
                0x000000c6       0x48 /cygdrive/d/altera/91/nios2eds/bin/nios2-gnutools/H-i686-pc-cygwin/bin/../lib/gcc/nios2-elf/3.4.6/mno-hw-mul/libgcc.a(lib2-divmod.o)
 .debug_pubnames
                0x0000010e       0x1f /cygdrive/d/altera/91/nios2eds/bin/nios2-gnutools/H-i686-pc-cygwin/bin/../lib/gcc/nios2-elf/3.4.6/mno-hw-mul/libgcc.a(lib2-mul.o)
 .debug_pubnames
                0x0000012d       0x26 /cygdrive/d/altera/91/nios2eds/bin/nios2-gnutools/H-i686-pc-cygwin/bin/../lib/gcc/nios2-elf/3.4.6/../../../../nios2-elf/lib/mno-hw-mul/libc.a(malloc.o)
 .debug_pubnames
                0x00000153       0xce /cygdrive/d/altera/91/nios2eds/bin/nios2-gnutools/H-i686-pc-cygwin/bin/../lib/gcc/nios2-elf/3.4.6/../../../../nios2-elf/lib/mno-hw-mul/libc.a(mallocr.o)
 .debug_pubnames
                0x00000221       0x1d /cygdrive/d/altera/91/nios2eds/bin/nios2-gnutools/H-i686-pc-cygwin/bin/../lib/gcc/nios2-elf/3.4.6/../../../../nios2-elf/lib/mno-hw-mul/libc.a(printf.o)
 .debug_pubnames
                0x0000023e       0x1e /cygdrive/d/altera/91/nios2eds/bin/nios2-gnutools/H-i686-pc-cygwin/bin/../lib/gcc/nios2-elf/3.4.6/../../../../nios2-elf/lib/mno-hw-mul/libc.a(sbrkr.o)
 .debug_pubnames
                0x0000025c       0x45 /cygdrive/d/altera/91/nios2eds/bin/nios2-gnutools/H-i686-pc-cygwin/bin/../lib/gcc/nios2-elf/3.4.6/../../../../nios2-elf/lib/mno-hw-mul/libc.a(vfprintf1.o)
 .debug_pubnames
                0x000002a1       0x2d /cygdrive/d/altera/91/nios2eds/bin/nios2-gnutools/H-i686-pc-cygwin/bin/../lib/gcc/nios2-elf/3.4.6/../../../../nios2-elf/lib/mno-hw-mul/libc.a(wcrtomb.o)
 .debug_pubnames
                0x000002ce       0x31 /cygdrive/d/altera/91/nios2eds/bin/nios2-gnutools/H-i686-pc-cygwin/bin/../lib/gcc/nios2-elf/3.4.6/../../../../nios2-elf/lib/mno-hw-mul/libc.a(wcsrtombs.o)
 .debug_pubnames
                0x000002ff       0x20 /cygdrive/d/altera/91/nios2eds/bin/nios2-gnutools/H-i686-pc-cygwin/bin/../lib/gcc/nios2-elf/3.4.6/../../../../nios2-elf/lib/mno-hw-mul/libc.a(wctomb_r.o)
 .debug_pubnames
                0x0000031f       0x20 /cygdrive/d/altera/91/nios2eds/bin/nios2-gnutools/H-i686-pc-cygwin/bin/../lib/gcc/nios2-elf/3.4.6/../../../../nios2-elf/lib/mno-hw-mul/libc.a(wsetup.o)
 .debug_pubnames
                0x0000033f       0x1e /cygdrive/d/altera/91/nios2eds/bin/nios2-gnutools/H-i686-pc-cygwin/bin/../lib/gcc/nios2-elf/3.4.6/../../../../nios2-elf/lib/mno-hw-mul/libc.a(dtoa.o)
 .debug_pubnames
                0x0000035d       0x1d /cygdrive/d/altera/91/nios2eds/bin/nios2-gnutools/H-i686-pc-cygwin/bin/../lib/gcc/nios2-elf/3.4.6/../../../../nios2-elf/lib/mno-hw-mul/libc.a(fflush.o)
 .debug_pubnames
                0x0000037a       0x3a /cygdrive/d/altera/91/nios2eds/bin/nios2-gnutools/H-i686-pc-cygwin/bin/../lib/gcc/nios2-elf/3.4.6/../../../../nios2-elf/lib/mno-hw-mul/libc.a(findfp.o)
 .debug_pubnames
                0x000003b4       0x31 /cygdrive/d/altera/91/nios2eds/bin/nios2-gnutools/H-i686-pc-cygwin/bin/../lib/gcc/nios2-elf/3.4.6/../../../../nios2-elf/lib/mno-hw-mul/libc.a(freer.o)
 .debug_pubnames
                0x000003e5       0x21 /cygdrive/d/altera/91/nios2eds/bin/nios2-gnutools/H-i686-pc-cygwin/bin/../lib/gcc/nios2-elf/3.4.6/../../../../nios2-elf/lib/mno-hw-mul/libc.a(fvwrite.o)
 .debug_pubnames
                0x00000406       0x1d /cygdrive/d/altera/91/nios2eds/bin/nios2-gnutools/H-i686-pc-cygwin/bin/../lib/gcc/nios2-elf/3.4.6/../../../../nios2-elf/lib/mno-hw-mul/libc.a(fwalk.o)
 .debug_pubnames
                0x00000423       0x22 /cygdrive/d/altera/91/nios2eds/bin/nios2-gnutools/H-i686-pc-cygwin/bin/../lib/gcc/nios2-elf/3.4.6/../../../../nios2-elf/lib/mno-hw-mul/libc.a(impure.o)
 .debug_pubnames
                0x00000445       0x1c /cygdrive/d/altera/91/nios2eds/bin/nios2-gnutools/H-i686-pc-cygwin/bin/../lib/gcc/nios2-elf/3.4.6/../../../../nios2-elf/lib/mno-hw-mul/libc.a(int_errno.o)
 .debug_pubnames
                0x00000461       0xc3 /cygdrive/d/altera/91/nios2eds/bin/nios2-gnutools/H-i686-pc-cygwin/bin/../lib/gcc/nios2-elf/3.4.6/../../../../nios2-elf/lib/mno-hw-mul/libc.a(locale.o)
 .debug_pubnames
                0x00000524       0x21 /cygdrive/d/altera/91/nios2eds/bin/nios2-gnutools/H-i686-pc-cygwin/bin/../lib/gcc/nios2-elf/3.4.6/../../../../nios2-elf/lib/mno-hw-mul/libc.a(makebuf.o)
 .debug_pubnames
                0x00000545       0x1d /cygdrive/d/altera/91/nios2eds/bin/nios2-gnutools/H-i686-pc-cygwin/bin/../lib/gcc/nios2-elf/3.4.6/../../../../nios2-elf/lib/mno-hw-mul/libc.a(memchr.o)
 .debug_pubnames
                0x00000562       0x1d /cygdrive/d/altera/91/nios2eds/bin/nios2-gnutools/H-i686-pc-cygwin/bin/../lib/gcc/nios2-elf/3.4.6/../../../../nios2-elf/lib/mno-hw-mul/libc.a(memcpy.o)
 .debug_pubnames
                0x0000057f       0x1e /cygdrive/d/altera/91/nios2eds/bin/nios2-gnutools/H-i686-pc-cygwin/bin/../lib/gcc/nios2-elf/3.4.6/../../../../nios2-elf/lib/mno-hw-mul/libc.a(memmove.o)
 .debug_pubnames
                0x0000059d       0x1d /cygdrive/d/altera/91/nios2eds/bin/nios2-gnutools/H-i686-pc-cygwin/bin/../lib/gcc/nios2-elf/3.4.6/../../../../nios2-elf/lib/mno-hw-mul/libc.a(memset.o)
 .debug_pubnames
                0x000005ba      0x112 /cygdrive/d/altera/91/nios2eds/bin/nios2-gnutools/H-i686-pc-cygwin/bin/../lib/gcc/nios2-elf/3.4.6/../../../../nios2-elf/lib/mno-hw-mul/libc.a(mprec.o)
 .debug_pubnames
                0x000006cc       0x21 /cygdrive/d/altera/91/nios2eds/bin/nios2-gnutools/H-i686-pc-cygwin/bin/../lib/gcc/nios2-elf/3.4.6/../../../../nios2-elf/lib/mno-hw-mul/libc.a(reallocr.o)
 .debug_pubnames
                0x000006ed       0x1c /cygdrive/d/altera/91/nios2eds/bin/nios2-gnutools/H-i686-pc-cygwin/bin/../lib/gcc/nios2-elf/3.4.6/../../../../nios2-elf/lib/mno-hw-mul/libc.a(s_isinf.o)
 .debug_pubnames
                0x00000709       0x1c /cygdrive/d/altera/91/nios2eds/bin/nios2-gnutools/H-i686-pc-cygwin/bin/../lib/gcc/nios2-elf/3.4.6/../../../../nios2-elf/lib/mno-hw-mul/libc.a(s_isnan.o)
 .debug_pubnames
                0x00000725       0x44 /cygdrive/d/altera/91/nios2eds/bin/nios2-gnutools/H-i686-pc-cygwin/bin/../lib/gcc/nios2-elf/3.4.6/../../../../nios2-elf/lib/mno-hw-mul/libc.a(stdio.o)
 .debug_pubnames
                0x00000769       0x1d /cygdrive/d/altera/91/nios2eds/bin/nios2-gnutools/H-i686-pc-cygwin/bin/../lib/gcc/nios2-elf/3.4.6/../../../../nios2-elf/lib/mno-hw-mul/libc.a(strcmp.o)
 .debug_pubnames
                0x00000786       0x1d /cygdrive/d/altera/91/nios2eds/bin/nios2-gnutools/H-i686-pc-cygwin/bin/../lib/gcc/nios2-elf/3.4.6/../../../../nios2-elf/lib/mno-hw-mul/libc.a(strlen.o)
 .debug_pubnames
                0x000007a3       0x1f /cygdrive/d/altera/91/nios2eds/bin/nios2-gnutools/H-i686-pc-cygwin/bin/../lib/gcc/nios2-elf/3.4.6/../../../../nios2-elf/lib/mno-hw-mul/libc.a(writer.o)
 .debug_pubnames
                0x000007c2       0x20 /cygdrive/d/altera/91/nios2eds/bin/nios2-gnutools/H-i686-pc-cygwin/bin/../lib/gcc/nios2-elf/3.4.6/../../../../nios2-elf/lib/mno-hw-mul/libc.a(callocr.o)
 .debug_pubnames
                0x000007e2       0x1f /cygdrive/d/altera/91/nios2eds/bin/nios2-gnutools/H-i686-pc-cygwin/bin/../lib/gcc/nios2-elf/3.4.6/../../../../nios2-elf/lib/mno-hw-mul/libc.a(closer.o)
 .debug_pubnames
                0x00000801       0x1f /cygdrive/d/altera/91/nios2eds/bin/nios2-gnutools/H-i686-pc-cygwin/bin/../lib/gcc/nios2-elf/3.4.6/../../../../nios2-elf/lib/mno-hw-mul/libc.a(fstatr.o)
 .debug_pubnames
                0x00000820       0x1f /cygdrive/d/altera/91/nios2eds/bin/nios2-gnutools/H-i686-pc-cygwin/bin/../lib/gcc/nios2-elf/3.4.6/../../../../nios2-elf/lib/mno-hw-mul/libc.a(lseekr.o)
 .debug_pubnames
                0x0000083f       0x1e /cygdrive/d/altera/91/nios2eds/bin/nios2-gnutools/H-i686-pc-cygwin/bin/../lib/gcc/nios2-elf/3.4.6/../../../../nios2-elf/lib/mno-hw-mul/libc.a(readr.o)
 .debug_pubnames
                0x0000085d       0x1f /cygdrive/d/altera/91/nios2eds/bin/nios2-gnutools/H-i686-pc-cygwin/bin/../lib/gcc/nios2-elf/3.4.6/mno-hw-mul/libgcc.a(_negdi2.o)
 .debug_pubnames
                0x0000087c       0x20 /cygdrive/d/altera/91/nios2eds/bin/nios2-gnutools/H-i686-pc-cygwin/bin/../lib/gcc/nios2-elf/3.4.6/mno-hw-mul/libgcc.a(_udivdi3.o)
 .debug_pubnames
                0x0000089c       0x20 /cygdrive/d/altera/91/nios2eds/bin/nios2-gnutools/H-i686-pc-cygwin/bin/../lib/gcc/nios2-elf/3.4.6/mno-hw-mul/libgcc.a(_umoddi3.o)
 .debug_pubnames
                0x000008bc       0x2c /cygdrive/d/altera/91/nios2eds/bin/nios2-gnutools/H-i686-pc-cygwin/bin/../lib/gcc/nios2-elf/3.4.6/mno-hw-mul/libgcc.a(_addsub_df.o)
 .debug_pubnames
                0x000008e8       0x1f /cygdrive/d/altera/91/nios2eds/bin/nios2-gnutools/H-i686-pc-cygwin/bin/../lib/gcc/nios2-elf/3.4.6/mno-hw-mul/libgcc.a(_mul_df.o)
 .debug_pubnames
                0x00000907       0x1f /cygdrive/d/altera/91/nios2eds/bin/nios2-gnutools/H-i686-pc-cygwin/bin/../lib/gcc/nios2-elf/3.4.6/mno-hw-mul/libgcc.a(_div_df.o)
 .debug_pubnames
                0x00000926       0x1e /cygdrive/d/altera/91/nios2eds/bin/nios2-gnutools/H-i686-pc-cygwin/bin/../lib/gcc/nios2-elf/3.4.6/mno-hw-mul/libgcc.a(_eq_df.o)
 .debug_pubnames
                0x00000944       0x1e /cygdrive/d/altera/91/nios2eds/bin/nios2-gnutools/H-i686-pc-cygwin/bin/../lib/gcc/nios2-elf/3.4.6/mno-hw-mul/libgcc.a(_ne_df.o)
 .debug_pubnames
                0x00000962       0x1e /cygdrive/d/altera/91/nios2eds/bin/nios2-gnutools/H-i686-pc-cygwin/bin/../lib/gcc/nios2-elf/3.4.6/mno-hw-mul/libgcc.a(_gt_df.o)
 .debug_pubnames
                0x00000980       0x1e /cygdrive/d/altera/91/nios2eds/bin/nios2-gnutools/H-i686-pc-cygwin/bin/../lib/gcc/nios2-elf/3.4.6/mno-hw-mul/libgcc.a(_ge_df.o)
 .debug_pubnames
                0x0000099e       0x1e /cygdrive/d/altera/91/nios2eds/bin/nios2-gnutools/H-i686-pc-cygwin/bin/../lib/gcc/nios2-elf/3.4.6/mno-hw-mul/libgcc.a(_lt_df.o)
 .debug_pubnames
                0x000009bc       0x22 /cygdrive/d/altera/91/nios2eds/bin/nios2-gnutools/H-i686-pc-cygwin/bin/../lib/gcc/nios2-elf/3.4.6/mno-hw-mul/libgcc.a(_si_to_df.o)
 .debug_pubnames
                0x000009de       0x20 /cygdrive/d/altera/91/nios2eds/bin/nios2-gnutools/H-i686-pc-cygwin/bin/../lib/gcc/nios2-elf/3.4.6/mno-hw-mul/libgcc.a(_df_to_si.o)
 .debug_pubnames
                0x000009fe       0x22 /cygdrive/d/altera/91/nios2eds/bin/nios2-gnutools/H-i686-pc-cygwin/bin/../lib/gcc/nios2-elf/3.4.6/mno-hw-mul/libgcc.a(_thenan_df.o)
 .debug_pubnames
                0x00000a20       0x1f /cygdrive/d/altera/91/nios2eds/bin/nios2-gnutools/H-i686-pc-cygwin/bin/../lib/gcc/nios2-elf/3.4.6/mno-hw-mul/libgcc.a(_muldi3.o)
 .debug_pubnames
                0x00000a3f       0x20 /cygdrive/d/altera/91/nios2eds/bin/nios2-gnutools/H-i686-pc-cygwin/bin/../lib/gcc/nios2-elf/3.4.6/mno-hw-mul/libgcc.a(_lshrdi3.o)
 .debug_pubnames
                0x00000a5f       0x20 /cygdrive/d/altera/91/nios2eds/bin/nios2-gnutools/H-i686-pc-cygwin/bin/../lib/gcc/nios2-elf/3.4.6/mno-hw-mul/libgcc.a(_clz.o)
 .debug_pubnames
                0x00000a7f       0x1f /cygdrive/d/altera/91/nios2eds/bin/nios2-gnutools/H-i686-pc-cygwin/bin/../lib/gcc/nios2-elf/3.4.6/mno-hw-mul/libgcc.a(_pack_df.o)
 .debug_pubnames
                0x00000a9e       0x21 /cygdrive/d/altera/91/nios2eds/bin/nios2-gnutools/H-i686-pc-cygwin/bin/../lib/gcc/nios2-elf/3.4.6/mno-hw-mul/libgcc.a(_unpack_df.o)
 .debug_pubnames
                0x00000abf       0x26 /cygdrive/d/altera/91/nios2eds/bin/nios2-gnutools/H-i686-pc-cygwin/bin/../lib/gcc/nios2-elf/3.4.6/mno-hw-mul/libgcc.a(_fpcmp_parts_df.o)
 .debug_pubnames
                0x00000ae5       0x20 /cygdrive/d/altera/91/nios2eds/bin/nios2-gnutools/H-i686-pc-cygwin/bin/../lib/gcc/nios2-elf/3.4.6/mno-hw-mul/libgcc.a(_ashldi3.o)
 .debug_pubnames
                0x00000b05       0x1c ../Audio_bsp/libhal_bsp.a(alt_close.o)
 .debug_pubnames
                0x00000b21       0x63 ../Audio_bsp/libhal_bsp.a(alt_dev.o)
 .debug_pubnames
                0x00000b84       0x20 ../Audio_bsp/libhal_bsp.a(alt_errno.o)
 .debug_pubnames
                0x00000ba4       0x1c ../Audio_bsp/libhal_bsp.a(alt_fstat.o)
 .debug_pubnames
                0x00000bc0       0x1d ../Audio_bsp/libhal_bsp.a(alt_isatty.o)
 .debug_pubnames
                0x00000bdd       0x1f ../Audio_bsp/libhal_bsp.a(alt_load.o)
 .debug_pubnames
                0x00000bfc       0x1c ../Audio_bsp/libhal_bsp.a(alt_lseek.o)
 .debug_pubnames
                0x00000c18       0x46 ../Audio_bsp/libhal_bsp.a(alt_main.o)
 .debug_pubnames
                0x00000c5e       0x38 ../Audio_bsp/libhal_bsp.a(alt_malloc_lock.o)
 .debug_pubnames
                0x00000c96       0x1b ../Audio_bsp/libhal_bsp.a(alt_read.o)
 .debug_pubnames
                0x00000cb1       0x25 ../Audio_bsp/libhal_bsp.a(alt_release_fd.o)
 .debug_pubnames
                0x00000cd6       0x1b ../Audio_bsp/libhal_bsp.a(alt_sbrk.o)
 .debug_pubnames
                0x00000cf1       0x1c ../Audio_bsp/libhal_bsp.a(alt_write.o)
 .debug_pubnames
                0x00000d0d       0x34 ../Audio_bsp/libhal_bsp.a(alt_sys_init.o)
 .debug_pubnames
                0x00000d41       0xa5 ../Audio_bsp/libhal_bsp.a(altera_avalon_jtag_uart_fd.o)
 .debug_pubnames
                0x00000de6       0x55 ../Audio_bsp/libhal_bsp.a(altera_avalon_jtag_uart_init.o)
 .debug_pubnames
                0x00000e3b       0x34 ../Audio_bsp/libhal_bsp.a(altera_avalon_jtag_uart_ioctl.o)
 .debug_pubnames
                0x00000e6f       0x33 ../Audio_bsp/libhal_bsp.a(altera_avalon_jtag_uart_read.o)
 .debug_pubnames
                0x00000ea2       0x34 ../Audio_bsp/libhal_bsp.a(altera_avalon_jtag_uart_write.o)
 .debug_pubnames
                0x00000ed6      0x25e ../Audio_bsp/libhal_bsp.a(altera_up_avalon_audio.o)
 .debug_pubnames
                0x00001134      0x580 ../Audio_bsp/libhal_bsp.a(altera_up_sd_card_avalon_interface.o)
 .debug_pubnames
                0x000016b4       0x26 ../Audio_bsp/libhal_bsp.a(alt_alarm_start.o)
 .debug_pubnames
                0x000016da       0x2b ../Audio_bsp/libhal_bsp.a(alt_dcache_flush_all.o)
 .debug_pubnames
                0x00001705       0x2b ../Audio_bsp/libhal_bsp.a(alt_dev_llist_insert.o)
 .debug_pubnames
                0x00001730       0x20 ../Audio_bsp/libhal_bsp.a(alt_do_ctors.o)
 .debug_pubnames
                0x00001750       0x20 ../Audio_bsp/libhal_bsp.a(alt_do_dtors.o)
 .debug_pubnames
                0x00001770       0x23 ../Audio_bsp/libhal_bsp.a(alt_find_dev.o)
 .debug_pubnames
                0x00001793       0x2b ../Audio_bsp/libhal_bsp.a(alt_icache_flush_all.o)
 .debug_pubnames
                0x000017be       0x26 ../Audio_bsp/libhal_bsp.a(alt_io_redirect.o)
 .debug_pubnames
                0x000017e4       0x27 ../Audio_bsp/libhal_bsp.a(alt_irq_register.o)
 .debug_pubnames
                0x0000180b       0x3b ../Audio_bsp/libhal_bsp.a(alt_irq_vars.o)
 .debug_pubnames
                0x00001846       0x1b ../Audio_bsp/libhal_bsp.a(alt_open.o)
 .debug_pubnames
                0x00001861       0x68 ../Audio_bsp/libhal_bsp.a(alt_tick.o)
 .debug_pubnames
                0x000018c9       0x2c ../Audio_bsp/libhal_bsp.a(altera_nios2_irq.o)
 .debug_pubnames
                0x000018f5       0x24 ../Audio_bsp/libhal_bsp.a(alt_find_file.o)
 .debug_pubnames
                0x00001919       0x21 ../Audio_bsp/libhal_bsp.a(alt_get_fd.o)
 .debug_pubnames
                0x0000193a       0x32 ../Audio_bsp/libhal_bsp.a(alt_irq_handler.o)
 .debug_pubnames
                0x0000196c       0x2a /cygdrive/d/altera/91/nios2eds/bin/nios2-gnutools/H-i686-pc-cygwin/bin/../lib/gcc/nios2-elf/3.4.6/../../../../nios2-elf/lib/mno-hw-mul/libc.a(atexit.o)
 .debug_pubnames
                0x00001996       0x1b /cygdrive/d/altera/91/nios2eds/bin/nios2-gnutools/H-i686-pc-cygwin/bin/../lib/gcc/nios2-elf/3.4.6/../../../../nios2-elf/lib/mno-hw-mul/libc.a(exit.o)
 .debug_pubnames
                0x000019b1       0x1d /cygdrive/d/altera/91/nios2eds/bin/nios2-gnutools/H-i686-pc-cygwin/bin/../lib/gcc/nios2-elf/3.4.6/../../../../nios2-elf/lib/mno-hw-mul/libc.a(memcmp.o)
 .debug_pubnames
                0x000019ce       0x1c ../Audio_bsp/libhal_bsp.a(alt_exit.o)

.debug_info     0x00000000    0x25649
 *(.debug_info .gnu.linkonce.wi.*)
 .debug_info    0x00000000       0xc8 ../Audio_bsp/obj/HAL/src/crt0.o
 .debug_info    0x000000c8      0x66b obj/hello_world.o
 .debug_info    0x00000733      0x1f2 /cygdrive/d/altera/91/nios2eds/bin/nios2-gnutools/H-i686-pc-cygwin/bin/../lib/gcc/nios2-elf/3.4.6/mno-hw-mul/libgcc.a(lib2-divmod.o)
 .debug_info    0x00000925       0xdb /cygdrive/d/altera/91/nios2eds/bin/nios2-gnutools/H-i686-pc-cygwin/bin/../lib/gcc/nios2-elf/3.4.6/mno-hw-mul/libgcc.a(lib2-mul.o)
 .debug_info    0x00000a00      0x921 /cygdrive/d/altera/91/nios2eds/bin/nios2-gnutools/H-i686-pc-cygwin/bin/../lib/gcc/nios2-elf/3.4.6/../../../../nios2-elf/lib/mno-hw-mul/libc.a(malloc.o)
 .debug_info    0x00001321      0xc62 /cygdrive/d/altera/91/nios2eds/bin/nios2-gnutools/H-i686-pc-cygwin/bin/../lib/gcc/nios2-elf/3.4.6/../../../../nios2-elf/lib/mno-hw-mul/libc.a(mallocr.o)
 .debug_info    0x00001f83      0x91f /cygdrive/d/altera/91/nios2eds/bin/nios2-gnutools/H-i686-pc-cygwin/bin/../lib/gcc/nios2-elf/3.4.6/../../../../nios2-elf/lib/mno-hw-mul/libc.a(printf.o)
 .debug_info    0x000028a2      0x929 /cygdrive/d/altera/91/nios2eds/bin/nios2-gnutools/H-i686-pc-cygwin/bin/../lib/gcc/nios2-elf/3.4.6/../../../../nios2-elf/lib/mno-hw-mul/libc.a(sbrkr.o)
 .debug_info    0x000031cb     0x10a7 /cygdrive/d/altera/91/nios2eds/bin/nios2-gnutools/H-i686-pc-cygwin/bin/../lib/gcc/nios2-elf/3.4.6/../../../../nios2-elf/lib/mno-hw-mul/libc.a(vfprintf1.o)
 .debug_info    0x00004272      0x9a6 /cygdrive/d/altera/91/nios2eds/bin/nios2-gnutools/H-i686-pc-cygwin/bin/../lib/gcc/nios2-elf/3.4.6/../../../../nios2-elf/lib/mno-hw-mul/libc.a(wcrtomb.o)
 .debug_info    0x00004c18      0xa2c /cygdrive/d/altera/91/nios2eds/bin/nios2-gnutools/H-i686-pc-cygwin/bin/../lib/gcc/nios2-elf/3.4.6/../../../../nios2-elf/lib/mno-hw-mul/libc.a(wcsrtombs.o)
 .debug_info    0x00005644      0x9b1 /cygdrive/d/altera/91/nios2eds/bin/nios2-gnutools/H-i686-pc-cygwin/bin/../lib/gcc/nios2-elf/3.4.6/../../../../nios2-elf/lib/mno-hw-mul/libc.a(wctomb_r.o)
 .debug_info    0x00005ff5      0x901 /cygdrive/d/altera/91/nios2eds/bin/nios2-gnutools/H-i686-pc-cygwin/bin/../lib/gcc/nios2-elf/3.4.6/../../../../nios2-elf/lib/mno-hw-mul/libc.a(wsetup.o)
 .debug_info    0x000068f6      0xcfa /cygdrive/d/altera/91/nios2eds/bin/nios2-gnutools/H-i686-pc-cygwin/bin/../lib/gcc/nios2-elf/3.4.6/../../../../nios2-elf/lib/mno-hw-mul/libc.a(dtoa.o)
 .debug_info    0x000075f0      0x922 /cygdrive/d/altera/91/nios2eds/bin/nios2-gnutools/H-i686-pc-cygwin/bin/../lib/gcc/nios2-elf/3.4.6/../../../../nios2-elf/lib/mno-hw-mul/libc.a(fflush.o)
 .debug_info    0x00007f12      0x97d /cygdrive/d/altera/91/nios2eds/bin/nios2-gnutools/H-i686-pc-cygwin/bin/../lib/gcc/nios2-elf/3.4.6/../../../../nios2-elf/lib/mno-hw-mul/libc.a(findfp.o)
 .debug_info    0x0000888f      0xb60 /cygdrive/d/altera/91/nios2eds/bin/nios2-gnutools/H-i686-pc-cygwin/bin/../lib/gcc/nios2-elf/3.4.6/../../../../nios2-elf/lib/mno-hw-mul/libc.a(freer.o)
 .debug_info    0x000093ef      0xa1c /cygdrive/d/altera/91/nios2eds/bin/nios2-gnutools/H-i686-pc-cygwin/bin/../lib/gcc/nios2-elf/3.4.6/../../../../nios2-elf/lib/mno-hw-mul/libc.a(fvwrite.o)
 .debug_info    0x00009e0b      0x94f /cygdrive/d/altera/91/nios2eds/bin/nios2-gnutools/H-i686-pc-cygwin/bin/../lib/gcc/nios2-elf/3.4.6/../../../../nios2-elf/lib/mno-hw-mul/libc.a(fwalk.o)
 .debug_info    0x0000a75a      0x8dd /cygdrive/d/altera/91/nios2eds/bin/nios2-gnutools/H-i686-pc-cygwin/bin/../lib/gcc/nios2-elf/3.4.6/../../../../nios2-elf/lib/mno-hw-mul/libc.a(impure.o)
 .debug_info    0x0000b037       0x81 /cygdrive/d/altera/91/nios2eds/bin/nios2-gnutools/H-i686-pc-cygwin/bin/../lib/gcc/nios2-elf/3.4.6/../../../../nios2-elf/lib/mno-hw-mul/libc.a(int_errno.o)
 .debug_info    0x0000b0b8      0xb3d /cygdrive/d/altera/91/nios2eds/bin/nios2-gnutools/H-i686-pc-cygwin/bin/../lib/gcc/nios2-elf/3.4.6/../../../../nios2-elf/lib/mno-hw-mul/libc.a(locale.o)
 .debug_info    0x0000bbf5      0xa9d /cygdrive/d/altera/91/nios2eds/bin/nios2-gnutools/H-i686-pc-cygwin/bin/../lib/gcc/nios2-elf/3.4.6/../../../../nios2-elf/lib/mno-hw-mul/libc.a(makebuf.o)
 .debug_info    0x0000c692      0x11f /cygdrive/d/altera/91/nios2eds/bin/nios2-gnutools/H-i686-pc-cygwin/bin/../lib/gcc/nios2-elf/3.4.6/../../../../nios2-elf/lib/mno-hw-mul/libc.a(memchr.o)
 .debug_info    0x0000c7b1       0xf8 /cygdrive/d/altera/91/nios2eds/bin/nios2-gnutools/H-i686-pc-cygwin/bin/../lib/gcc/nios2-elf/3.4.6/../../../../nios2-elf/lib/mno-hw-mul/libc.a(memcpy.o)
 .debug_info    0x0000c8a9      0x129 /cygdrive/d/altera/91/nios2eds/bin/nios2-gnutools/H-i686-pc-cygwin/bin/../lib/gcc/nios2-elf/3.4.6/../../../../nios2-elf/lib/mno-hw-mul/libc.a(memmove.o)
 .debug_info    0x0000c9d2       0xfe /cygdrive/d/altera/91/nios2eds/bin/nios2-gnutools/H-i686-pc-cygwin/bin/../lib/gcc/nios2-elf/3.4.6/../../../../nios2-elf/lib/mno-hw-mul/libc.a(memset.o)